../Core/Src/API.c:49:6:timer_Right	16	static
../Core/Src/API.c:61:6:timer_Left	16	static
../Core/Src/API.c:74:6:forwardGPIO	8	static
../Core/Src/API.c:83:6:forward	24	static
../Core/Src/API.c:180:6:backwardRight	8	static
../Core/Src/API.c:190:6:backwardLeft	8	static
../Core/Src/API.c:198:6:turn_right	8	static
../Core/Src/API.c:207:6:turn_left	8	static
../Core/Src/API.c:217:6:stop	8	static
../Core/Src/API.c:227:6:forward1	8	static
../Core/Src/API.c:236:6:turn_right1	8	static
../Core/Src/API.c:245:6:turn_left1	8	static
../Core/Src/API.c:255:6:turn_right2	8	static
../Core/Src/API.c:264:6:turn_left2	8	static
