../Core/Src/main.c:111:5:_write	24	static
../Core/Src/main.c:117:6:angle	16	static
../Core/Src/main.c:155:6:ADC_Select_CH0	24	static
../Core/Src/main.c:166:6:ADC_Select_CH1	24	static
../Core/Src/main.c:176:6:ADC_Select_CH2	24	static
../Core/Src/main.c:186:8:distanceRight	16	static
../Core/Src/main.c:200:8:distanceLeft	16	static
../Core/Src/main.c:214:8:distanceStraight	16	static
../Core/Src/main.c:229:6:HAL_TIM_IC_CaptureCallback	16	static
../Core/Src/main.c:250:5:main	8	static
../Core/Src/main.c:412:6:SystemClock_Config	88	static
../Core/Src/main.c:459:13:MX_ADC1_Init	8	static
../Core/Src/main.c:515:13:MX_ADC2_Init	24	static
../Core/Src/main.c:562:13:MX_I2C1_Init	8	static
../Core/Src/main.c:596:13:MX_TIM1_Init	96	static
../Core/Src/main.c:670:13:MX_TIM2_Init	56	static
../Core/Src/main.c:719:13:MX_TIM3_Init	56	static
../Core/Src/main.c:768:13:MX_TIM4_Init	64	static
../Core/Src/main.c:827:13:MX_USART1_UART_Init	8	static
../Core/Src/main.c:860:13:MX_GPIO_Init	40	static
../Core/Src/main.c:905:6:filter_gyro	40	static
../Core/Src/main.c:932:6:Error_Handler	4	static,ignoring_inline_asm
