../Core/Src/API.c:49:6:timer_Right	16	static
../Core/Src/API.c:61:6:timer_Left	16	static
../Core/Src/API.c:74:6:forwardGPIO	8	static
../Core/Src/API.c:83:6:forward	16	static
../Core/Src/API.c:183:6:backwardRight	8	static
../Core/Src/API.c:190:6:backwardLeft	8	static
../Core/Src/API.c:196:6:turn_right	8	static
../Core/Src/API.c:205:6:turn_left	8	static
../Core/Src/API.c:215:6:stop	8	static
../Core/Src/API.c:225:6:forward1	8	static
../Core/Src/API.c:234:6:turn_right1	8	static
../Core/Src/API.c:243:6:turn_left1	8	static
../Core/Src/API.c:253:6:turn_right2	8	static
../Core/Src/API.c:262:6:turn_left2	8	static
