Archive member included to satisfy reference by file (symbol)

E:/program/STM32CubeIDE_1.13.0/STM32CubeIDE/plugins/com.st.stm32cube.ide.mcu.externaltools.gnu-tools-for-stm32.11.3.rel1.win32_1.1.0.202305231506/tools/bin/../lib/gcc/arm-none-eabi/11.3.1/../../../../arm-none-eabi/lib/thumb/v7-m/nofp\libc_nano.a(libc_a-exit.o)
                              E:/program/STM32CubeIDE_1.13.0/STM32CubeIDE/plugins/com.st.stm32cube.ide.mcu.externaltools.gnu-tools-for-stm32.11.3.rel1.win32_1.1.0.202305231506/tools/bin/../lib/gcc/arm-none-eabi/11.3.1/../../../../arm-none-eabi/lib/thumb/v7-m/nofp/crt0.o (exit)
E:/program/STM32CubeIDE_1.13.0/STM32CubeIDE/plugins/com.st.stm32cube.ide.mcu.externaltools.gnu-tools-for-stm32.11.3.rel1.win32_1.1.0.202305231506/tools/bin/../lib/gcc/arm-none-eabi/11.3.1/../../../../arm-none-eabi/lib/thumb/v7-m/nofp\libc_nano.a(libc_a-nano-vfprintf_float.o)
                              (_printf_float)
E:/program/STM32CubeIDE_1.13.0/STM32CubeIDE/plugins/com.st.stm32cube.ide.mcu.externaltools.gnu-tools-for-stm32.11.3.rel1.win32_1.1.0.202305231506/tools/bin/../lib/gcc/arm-none-eabi/11.3.1/../../../../arm-none-eabi/lib/thumb/v7-m/nofp\libc_nano.a(libc_a-nano-vfprintf_i.o)
                              E:/program/STM32CubeIDE_1.13.0/STM32CubeIDE/plugins/com.st.stm32cube.ide.mcu.externaltools.gnu-tools-for-stm32.11.3.rel1.win32_1.1.0.202305231506/tools/bin/../lib/gcc/arm-none-eabi/11.3.1/../../../../arm-none-eabi/lib/thumb/v7-m/nofp\libc_nano.a(libc_a-nano-vfprintf_float.o) (_printf_common)
E:/program/STM32CubeIDE_1.13.0/STM32CubeIDE/plugins/com.st.stm32cube.ide.mcu.externaltools.gnu-tools-for-stm32.11.3.rel1.win32_1.1.0.202305231506/tools/bin/../lib/gcc/arm-none-eabi/11.3.1/../../../../arm-none-eabi/lib/thumb/v7-m/nofp\libc_nano.a(libc_a-nano-vfscanf_float.o)
                              (_scanf_float)
E:/program/STM32CubeIDE_1.13.0/STM32CubeIDE/plugins/com.st.stm32cube.ide.mcu.externaltools.gnu-tools-for-stm32.11.3.rel1.win32_1.1.0.202305231506/tools/bin/../lib/gcc/arm-none-eabi/11.3.1/../../../../arm-none-eabi/lib/thumb/v7-m/nofp\libc_nano.a(libc_a-findfp.o)
                              E:/program/STM32CubeIDE_1.13.0/STM32CubeIDE/plugins/com.st.stm32cube.ide.mcu.externaltools.gnu-tools-for-stm32.11.3.rel1.win32_1.1.0.202305231506/tools/bin/../lib/gcc/arm-none-eabi/11.3.1/../../../../arm-none-eabi/lib/thumb/v7-m/nofp\libc_nano.a(libc_a-exit.o) (__stdio_exit_handler)
E:/program/STM32CubeIDE_1.13.0/STM32CubeIDE/plugins/com.st.stm32cube.ide.mcu.externaltools.gnu-tools-for-stm32.11.3.rel1.win32_1.1.0.202305231506/tools/bin/../lib/gcc/arm-none-eabi/11.3.1/../../../../arm-none-eabi/lib/thumb/v7-m/nofp\libc_nano.a(libc_a-fwalk.o)
                              E:/program/STM32CubeIDE_1.13.0/STM32CubeIDE/plugins/com.st.stm32cube.ide.mcu.externaltools.gnu-tools-for-stm32.11.3.rel1.win32_1.1.0.202305231506/tools/bin/../lib/gcc/arm-none-eabi/11.3.1/../../../../arm-none-eabi/lib/thumb/v7-m/nofp\libc_nano.a(libc_a-findfp.o) (_fwalk_sglue)
E:/program/STM32CubeIDE_1.13.0/STM32CubeIDE/plugins/com.st.stm32cube.ide.mcu.externaltools.gnu-tools-for-stm32.11.3.rel1.win32_1.1.0.202305231506/tools/bin/../lib/gcc/arm-none-eabi/11.3.1/../../../../arm-none-eabi/lib/thumb/v7-m/nofp\libc_nano.a(libc_a-printf.o)
                              ./Core/Src/main.o (printf)
E:/program/STM32CubeIDE_1.13.0/STM32CubeIDE/plugins/com.st.stm32cube.ide.mcu.externaltools.gnu-tools-for-stm32.11.3.rel1.win32_1.1.0.202305231506/tools/bin/../lib/gcc/arm-none-eabi/11.3.1/../../../../arm-none-eabi/lib/thumb/v7-m/nofp\libc_nano.a(libc_a-puts.o)
                              ./Core/Src/main.o (puts)
E:/program/STM32CubeIDE_1.13.0/STM32CubeIDE/plugins/com.st.stm32cube.ide.mcu.externaltools.gnu-tools-for-stm32.11.3.rel1.win32_1.1.0.202305231506/tools/bin/../lib/gcc/arm-none-eabi/11.3.1/../../../../arm-none-eabi/lib/thumb/v7-m/nofp\libc_nano.a(libc_a-sprintf.o)
                              ./Core/Src/main.o (sprintf)
E:/program/STM32CubeIDE_1.13.0/STM32CubeIDE/plugins/com.st.stm32cube.ide.mcu.externaltools.gnu-tools-for-stm32.11.3.rel1.win32_1.1.0.202305231506/tools/bin/../lib/gcc/arm-none-eabi/11.3.1/../../../../arm-none-eabi/lib/thumb/v7-m/nofp\libc_nano.a(libc_a-stdio.o)
                              E:/program/STM32CubeIDE_1.13.0/STM32CubeIDE/plugins/com.st.stm32cube.ide.mcu.externaltools.gnu-tools-for-stm32.11.3.rel1.win32_1.1.0.202305231506/tools/bin/../lib/gcc/arm-none-eabi/11.3.1/../../../../arm-none-eabi/lib/thumb/v7-m/nofp\libc_nano.a(libc_a-findfp.o) (__sread)
E:/program/STM32CubeIDE_1.13.0/STM32CubeIDE/plugins/com.st.stm32cube.ide.mcu.externaltools.gnu-tools-for-stm32.11.3.rel1.win32_1.1.0.202305231506/tools/bin/../lib/gcc/arm-none-eabi/11.3.1/../../../../arm-none-eabi/lib/thumb/v7-m/nofp\libc_nano.a(libc_a-wbuf.o)
[...]
Memory Configuration

Name             Origin             Length             Attributes
RAM              0x0000000020000000 0x000000000000c000 xrw
FLASH            0x0000000008000000 0x0000000000040000 xr
*default*        0x0000000000000000 0xffffffffffffffff

Linker script and memory map

LOAD E:/program/STM32CubeIDE_1.13.0/STM32CubeIDE/plugins/com.st.stm32cube.ide.mcu.externaltools.gnu-tools-for-stm32.11.3.rel1.win32_1.1.0.202305231506/tools/bin/../lib/gcc/arm-none-eabi/11.3.1/thumb/v7-m/nofp/crti.o
LOAD E:/program/STM32CubeIDE_1.13.0/STM32CubeIDE/plugins/com.st.stm32cube.ide.mcu.externaltools.gnu-tools-for-stm32.11.3.rel1.win32_1.1.0.202305231506/tools/bin/../lib/gcc/arm-none-eabi/11.3.1/thumb/v7-m/nofp/crtbegin.o
LOAD E:/program/STM32CubeIDE_1.13.0/STM32CubeIDE/plugins/com.st.stm32cube.ide.mcu.externaltools.gnu-tools-for-stm32.11.3.rel1.win32_1.1.0.202305231506/tools/bin/../lib/gcc/arm-none-eabi/11.3.1/../../../../arm-none-eabi/lib/thumb/v7-m/nofp/crt0.o
LOAD ./Core/Src/API.o
LOAD ./Core/Src/FEE.o
LOAD ./Core/Src/MPU6050.o
LOAD ./Core/Src/bno055.o
LOAD ./Core/Src/main.o
LOAD ./Core/Src/queue.o
LOAD ./Core/Src/queue_int.o
LOAD ./Core/Src/stack.o
LOAD ./Core/Src/stm32f1xx_hal_msp.o
LOAD ./Core/Src/stm32f1xx_it.o
LOAD ./Core/Src/syscalls.o
LOAD ./Core/Src/sysmem.o
LOAD ./Core/Src/system_stm32f1xx.o
LOAD ./Core/Startup/startup_stm32f103rctx.o
LOAD ./Drivers/STM32F1xx_HAL_Driver/Src/stm32f1xx_hal.o
LOAD ./Drivers/STM32F1xx_HAL_Driver/Src/stm32f1xx_hal_adc.o
LOAD ./Drivers/STM32F1xx_HAL_Driver/Src/stm32f1xx_hal_adc_ex.o
LOAD ./Drivers/STM32F1xx_HAL_Driver/Src/stm32f1xx_hal_cortex.o
LOAD ./Drivers/STM32F1xx_HAL_Driver/Src/stm32f1xx_hal_dma.o
LOAD ./Drivers/STM32F1xx_HAL_Driver/Src/stm32f1xx_hal_exti.o
LOAD ./Drivers/STM32F1xx_HAL_Driver/Src/stm32f1xx_hal_flash.o
LOAD ./Drivers/STM32F1xx_HAL_Driver/Src/stm32f1xx_hal_flash_ex.o
LOAD ./Drivers/STM32F1xx_HAL_Driver/Src/stm32f1xx_hal_gpio.o
LOAD ./Drivers/STM32F1xx_HAL_Driver/Src/stm32f1xx_hal_gpio_ex.o
LOAD ./Drivers/STM32F1xx_HAL_Driver/Src/stm32f1xx_hal_i2c.o
LOAD ./Drivers/STM32F1xx_HAL_Driver/Src/stm32f1xx_hal_pwr.o
LOAD ./Drivers/STM32F1xx_HAL_Driver/Src/stm32f1xx_hal_rcc.o
LOAD ./Drivers/STM32F1xx_HAL_Driver/Src/stm32f1xx_hal_rcc_ex.o
LOAD ./Drivers/STM32F1xx_HAL_Driver/Src/stm32f1xx_hal_tim.o
LOAD ./Drivers/STM32F1xx_HAL_Driver/Src/stm32f1xx_hal_tim_ex.o
LOAD ./Drivers/STM32F1xx_HAL_Driver/Src/stm32f1xx_hal_uart.o
START GROUP
LOAD E:/program/STM32CubeIDE_1.13.0/STM32CubeIDE/plugins/com.st.stm32cube.ide.mcu.externaltools.gnu-tools-for-stm32.11.3.rel1.win32_1.1.0.202305231506/tools/bin/../lib/gcc/arm-none-eabi/11.3.1/../../../../arm-none-eabi/lib/thumb/v7-m/nofp\libc_nano.a
LOAD E:/program/STM32CubeIDE_1.13.0/STM32CubeIDE/plugins/com.st.stm32cube.ide.mcu.externaltools.gnu-tools-for-stm32.11.3.rel1.win32_1.1.0.202305231506/tools/bin/../lib/gcc/arm-none-eabi/11.3.1/../../../../arm-none-eabi/lib/thumb/v7-m/nofp\libm.a
END GROUP
START GROUP
LOAD E:/program/STM32CubeIDE_1.13.0/STM32CubeIDE/plugins/com.st.stm32cube.ide.mcu.externaltools.gnu-tools-for-stm32.11.3.rel1.win32_1.1.0.202305231506/tools/bin/../lib/gcc/arm-none-eabi/11.3.1/thumb/v7-m/nofp\libgcc.a
LOAD E:/program/STM32CubeIDE_1.13.0/STM32CubeIDE/plugins/com.st.stm32cube.ide.mcu.externaltools.gnu-tools-for-stm32.11.3.rel1.win32_1.1.0.202305231506/tools/bin/../lib/gcc/arm-none-eabi/11.3.1/../../../../arm-none-eabi/lib/thumb/v7-m/nofp\libc_nano.a
END GROUP
START GROUP
LOAD E:/program/STM32CubeIDE_1.13.0/STM32CubeIDE/plugins/com.st.stm32cube.ide.mcu.externaltools.gnu-tools-for-stm32.11.3.rel1.win32_1.1.0.202305231506/tools/bin/../lib/gcc/arm-none-eabi/11.3.1/thumb/v7-m/nofp\libgcc.a
LOAD E:/program/STM32CubeIDE_1.13.0/STM32CubeIDE/plugins/com.st.stm32cube.ide.mcu.externaltools.gnu-tools-for-stm32.11.3.rel1.win32_1.1.0.202305231506/tools/bin/../lib/gcc/arm-none-eabi/11.3.1/../../../../arm-none-eabi/lib/thumb/v7-m/nofp\libc_nano.a
LOAD E:/program/STM32CubeIDE_1.13.0/STM32CubeIDE/plugins/com.st.stm32cube.ide.mcu.externaltools.gnu-tools-for-stm32.11.3.rel1.win32_1.1.0.202305231506/tools/bin/../lib/gcc/arm-none-eabi/11.3.1/../../../../arm-none-eabi/lib/thumb/v7-m/nofp\libnosys.a
END GROUP
START GROUP
LOAD E:/program/STM32CubeIDE_1.13.0/STM32CubeIDE/plugins/com.st.stm32cube.ide.mcu.externaltools.gnu-tools-for-stm32.11.3.rel1.win32_1.1.0.202305231506/tools/bin/../lib/gcc/arm-none-eabi/11.3.1/thumb/v7-m/nofp\libgcc.a
LOAD E:/program/STM32CubeIDE_1.13.0/STM32CubeIDE/plugins/com.st.stm32cube.ide.mcu.externaltools.gnu-tools-for-stm32.11.3.rel1.win32_1.1.0.202305231506/tools/bin/../lib/gcc/arm-none-eabi/11.3.1/../../../../arm-none-eabi/lib/thumb/v7-m/nofp\libc_nano.a
LOAD E:/program/STM32CubeIDE_1.13.0/STM32CubeIDE/plugins/com.st.stm32cube.ide.mcu.externaltools.gnu-tools-for-stm32.11.3.rel1.win32_1.1.0.202305231506/tools/bin/../lib/gcc/arm-none-eabi/11.3.1/../../../../arm-none-eabi/lib/thumb/v7-m/nofp\libnosys.a
END GROUP
LOAD E:/program/STM32CubeIDE_1.13.0/STM32CubeIDE/plugins/com.st.stm32cube.ide.mcu.externaltools.gnu-tools-for-stm32.11.3.rel1.win32_1.1.0.202305231506/tools/bin/../lib/gcc/arm-none-eabi/11.3.1/thumb/v7-m/nofp/crtend.o
LOAD E:/program/STM32CubeIDE_1.13.0/STM32CubeIDE/plugins/com.st.stm32cube.ide.mcu.externaltools.gnu-tools-for-stm32.11.3.rel1.win32_1.1.0.202305231506/tools/bin/../lib/gcc/arm-none-eabi/11.3.1/thumb/v7-m/nofp/crtn.o
                0x000000002000c000                _estack = (ORIGIN (RAM) + LENGTH (RAM))
                0x0000000000000200                _Min_Heap_Size = 0x200
                0x0000000000000400                _Min_Stack_Size = 0x400

.isr_vector     0x0000000008000000      0x1e4
                0x0000000008000000                . = ALIGN (0x4)
 *(.isr_vector)
 .isr_vector    0x0000000008000000      0x1e4 ./Core/Startup/startup_stm32f103rctx.o
                0x0000000008000000                g_pfnVectors
                0x00000000080001e4                . = ALIGN (0x4)

.text           0x00000000080001e8     0xfc40
                0x00000000080001e8                . = ALIGN (0x4)
 *(.text)
 .text          0x00000000080001e8       0x40 E:/program/STM32CubeIDE_1.13.0/STM32CubeIDE/plugins/com.st.stm32cube.ide.mcu.externaltools.gnu-tools-for-stm32.11.3.rel1.win32_1.1.0.202305231506/tools/bin/../lib/gcc/arm-none-eabi/11.3.1/thumb/v7-m/nofp/crtbegin.o
 .text          0x0000000008000228       0x10 E:/program/STM32CubeIDE_1.13.0/STM32CubeIDE/plugins/com.st.stm32cube.ide.mcu.externaltools.gnu-tools-for-stm32.11.3.rel1.win32_1.1.0.202305231506/tools/bin/../lib/gcc/arm-none-eabi/11.3.1/../../../../arm-none-eabi/lib/thumb/v7-m/nofp\libc_nano.a(libc_a-strlen.o)
                0x0000000008000228                strlen
 .text          0x0000000008000238      0x378 E:/program/STM32CubeIDE_1.13.0/STM32CubeIDE/plugins/com.st.stm32cube.ide.mcu.externaltools.gnu-tools-for-stm32.11.3.rel1.win32_1.1.0.202305231506/tools/bin/../lib/gcc/arm-none-eabi/11.3.1/thumb/v7-m/nofp\libgcc.a(_arm_addsubdf3.o)
                0x0000000008000238                __aeabi_drsub
                0x0000000008000240                __aeabi_dsub
                0x0000000008000240                __subdf3
                0x0000000008000244                __aeabi_dadd
                0x0000000008000244                __adddf3
                0x00000000080004bc                __floatunsidf
                0x00000000080004bc                __aeabi_ui2d
                0x00000000080004dc                __floatsidf
                0x00000000080004dc                __aeabi_i2d
                0x0000000008000500                __aeabi_f2d
                0x0000000008000500                __extendsfdf2
                0x0000000008000544                __floatundidf
                0x0000000008000544                __aeabi_ul2d
                0x0000000008000554                __floatdidf
                0x0000000008000554                __aeabi_l2d
 .text          0x00000000080005b0      0x424 E:/program/STM32CubeIDE_1.13.0/STM32CubeIDE/plugins/com.st.stm32cube.ide.mcu.externaltools.gnu-tools-for-stm32.11.3.rel1.win32_1.1.0.202305231506/tools/bin/../lib/gcc/arm-none-eabi/11.3.1/thumb/v7-m/nofp\libgcc.a(_arm_muldivdf3.o)
                0x00000000080005b0                __aeabi_dmul
                0x00000000080005b0                __muldf3
                0x0000000008000804                __divdf3
                0x0000000008000804                __aeabi_ddiv
 .text          0x00000000080009d4      0x110 E:/program/STM32CubeIDE_1.13.0/STM32CubeIDE/plugins/com.st.stm32cube.ide.mcu.externaltools.gnu-tools-for-stm32.11.3.rel1.win32_1.1.0.202305231506/tools/bin/../lib/gcc/arm-none-eabi/11.3.1/thumb/v7-m/nofp\libgcc.a(_arm_cmpdf2.o)
                0x00000000080009d4                __gtdf2
                0x00000000080009d4                __gedf2
                0x00000000080009dc                __ltdf2
                0x00000000080009dc                __ledf2
                0x00000000080009e4                __nedf2
                0x00000000080009e4                __eqdf2
                0x00000000080009e4                __cmpdf2
                0x0000000008000a60                __aeabi_cdrcmple
                0x0000000008000a70                __aeabi_cdcmpeq
                0x0000000008000a70                __aeabi_cdcmple
                0x0000000008000a80                __aeabi_dcmpeq
                0x0000000008000a94                __aeabi_dcmplt
                0x0000000008000aa8                __aeabi_dcmple
                0x0000000008000abc                __aeabi_dcmpge
                0x0000000008000ad0                __aeabi_dcmpgt
 .text          0x0000000008000ae4       0x2c E:/program/STM32CubeIDE_1.13.0/STM32CubeIDE/plugins/com.st.stm32cube.ide.mcu.externaltools.gnu-tools-for-stm32.11.3.rel1.win32_1.1.0.202305231506/tools/bin/../lib/gcc/arm-none-eabi/11.3.1/thumb/v7-m/nofp\libgcc.a(_arm_unorddf2.o)
                0x0000000008000ae4                __unorddf2
                0x0000000008000ae4                __aeabi_dcmpun
 .text          0x0000000008000b10       0x50 E:/program/STM32CubeIDE_1.13.0/STM32CubeIDE/plugins/com.st.stm32cube.ide.mcu.externaltools.gnu-tools-for-stm32.11.3.rel1.win32_1.1.0.202305231506/tools/bin/../lib/gcc/arm-none-eabi/11.3.1/thumb/v7-m/nofp\libgcc.a(_arm_fixdfsi.o)
                0x0000000008000b10                __aeabi_d2iz
                0x0000000008000b10                __fixdfsi
 .text          0x0000000008000b60       0x40 E:/program/STM32CubeIDE_1.13.0/STM32CubeIDE/plugins/com.st.stm32cube.ide.mcu.externaltools.gnu-tools-for-stm32.11.3.rel1.win32_1.1.0.202305231506/tools/bin/../lib/gcc/arm-none-eabi/11.3.1/thumb/v7-m/nofp\libgcc.a(_arm_fixunsdfsi.o)
                0x0000000008000b60                __aeabi_d2uiz
                0x0000000008000b60                __fixunsdfsi
 .text          0x0000000008000ba0       0xa0 E:/program/STM32CubeIDE_1.13.0/STM32CubeIDE/plugins/com.st.stm32cube.ide.mcu.externaltools.gnu-tools-for-stm32.11.3.rel1.win32_1.1.0.202305231506/tools/bin/../lib/gcc/arm-none-eabi/11.3.1/thumb/v7-m/nofp\libgcc.a(_arm_truncdfsf2.o)
                0x0000000008000ba0                __truncdfsf2
                0x0000000008000ba0                __aeabi_d2f
 .text          0x0000000008000c40      0x21c E:/program/STM32CubeIDE_1.13.0/STM32CubeIDE/plugins/com.st.stm32cube.ide.mcu.externaltools.gnu-tools-for-stm32.11.3.rel1.win32_1.1.0.202305231506/tools/bin/../lib/gcc/arm-none-eabi/11.3.1/thumb/v7-m/nofp\libgcc.a(_arm_addsubsf3.o)
                0x0000000008000c40                __aeabi_frsub
                0x0000000008000c48                __subsf3
                0x0000000008000c48                __aeabi_fsub
                0x0000000008000c4c                __aeabi_fadd
                0x0000000008000c4c                __addsf3
                0x0000000008000dac                __aeabi_ui2f
                0x0000000008000dac                __floatunsisf
                0x0000000008000db4                __aeabi_i2f
                0x0000000008000db4                __floatsisf
                0x0000000008000dd0                __aeabi_ul2f
                0x0000000008000dd0                __floatundisf
                0x0000000008000de0                __aeabi_l2f
                0x0000000008000de0                __floatdisf
 .text          0x0000000008000e5c      0x2a0 E:/program/STM32CubeIDE_1.13.0/STM32CubeIDE/plugins/com.st.stm32cube.ide.mcu.externaltools.gnu-tools-for-stm32.11.3.rel1.win32_1.1.0.202305231506/tools/bin/../lib/gcc/arm-none-eabi/11.3.1/thumb/v7-m/nofp\libgcc.a(_arm_muldivsf3.o)
                0x0000000008000e5c                __mulsf3
                0x0000000008000e5c                __aeabi_fmul
                0x0000000008000fc4                __aeabi_fdiv
                0x0000000008000fc4                __divsf3
 .text          0x00000000080010fc       0xec E:/program/STM32CubeIDE_1.13.0/STM32CubeIDE/plugins/com.st.stm32cube.ide.mcu.externaltools.gnu-tools-for-stm32.11.3.rel1.win32_1.1.0.202305231506/tools/bin/../lib/gcc/arm-none-eabi/11.3.1/thumb/v7-m/nofp\libgcc.a(_arm_cmpsf2.o)
                0x00000000080010fc                __gesf2
                0x00000000080010fc                __gtsf2
                0x0000000008001104                __lesf2
                0x0000000008001104                __ltsf2
                0x000000000800110c                __nesf2
                0x000000000800110c                __eqsf2
                0x000000000800110c                __cmpsf2
                0x000000000800116c                __aeabi_cfrcmple
                0x0000000008001174                __aeabi_cfcmpeq
                0x0000000008001174                __aeabi_cfcmple
                0x0000000008001184                __aeabi_fcmpeq
                0x0000000008001198                __aeabi_fcmplt
                0x00000000080011ac                __aeabi_fcmple
                0x00000000080011c0                __aeabi_fcmpge
                0x00000000080011d4                __aeabi_fcmpgt
 .text          0x00000000080011e8       0x40 E:/program/STM32CubeIDE_1.13.0/STM32CubeIDE/plugins/com.st.stm32cube.ide.mcu.externaltools.gnu-tools-for-stm32.11.3.rel1.win32_1.1.0.202305231506/tools/bin/../lib/gcc/arm-none-eabi/11.3.1/thumb/v7-m/nofp\libgcc.a(_arm_fixunssfsi.o)
                0x00000000080011e8                __fixunssfsi
                0x00000000080011e8                __aeabi_f2uiz
 .text          0x0000000008001228       0x30 E:/program/STM32CubeIDE_1.13.0/STM32CubeIDE/plugins/com.st.stm32cube.ide.mcu.externaltools.gnu-tools-for-stm32.11.3.rel1.win32_1.1.0.202305231506/tools/bin/../lib/gcc/arm-none-eabi/11.3.1/thumb/v7-m/nofp\libgcc.a(_aeabi_uldivmod.o)
                0x0000000008001228                __aeabi_uldivmod
 .text          0x0000000008001258       0x34 E:/program/STM32CubeIDE_1.13.0/STM32CubeIDE/plugins/com.st.stm32cube.ide.mcu.externaltools.gnu-tools-for-stm32.11.3.rel1.win32_1.1.0.202305231506/tools/bin/../lib/gcc/arm-none-eabi/11.3.1/thumb/v7-m/nofp\libgcc.a(_fixdfdi.o)
                0x0000000008001258                __fixdfdi
                0x0000000008001258                __aeabi_d2lz
 .text          0x000000000800128c       0x40 E:/program/STM32CubeIDE_1.13.0/STM32CubeIDE/plugins/com.st.stm32cube.ide.mcu.externaltools.gnu-tools-for-stm32.11.3.rel1.win32_1.1.0.202305231506/tools/bin/../lib/gcc/arm-none-eabi/11.3.1/thumb/v7-m/nofp\libgcc.a(_fixunssfdi.o)
                0x000000000800128c                __fixunssfdi
                0x000000000800128c                __aeabi_f2ulz
 .text          0x00000000080012cc       0x3c E:/program/STM32CubeIDE_1.13.0/STM32CubeIDE/plugins/com.st.stm32cube.ide.mcu.externaltools.gnu-tools-for-stm32.11.3.rel1.win32_1.1.0.202305231506/tools/bin/../lib/gcc/arm-none-eabi/11.3.1/thumb/v7-m/nofp\libgcc.a(_fixunsdfdi.o)
                0x00000000080012cc                __fixunsdfdi
                0x00000000080012cc                __aeabi_d2ulz
 .text          0x0000000008001308      0x2cc E:/program/STM32CubeIDE_1.13.0/STM32CubeIDE/plugins/com.st.stm32cube.ide.mcu.externaltools.gnu-tools-for-stm32.11.3.rel1.win32_1.1.0.202305231506/tools/bin/../lib/gcc/arm-none-eabi/11.3.1/thumb/v7-m/nofp\libgcc.a(_udivmoddi4.o)
                0x0000000008001308                __udivmoddi4
 .text          0x00000000080015d4        0x4 E:/program/STM32CubeIDE_1.13.0/STM32CubeIDE/plugins/com.st.stm32cube.ide.mcu.externaltools.gnu-tools-for-stm32.11.3.rel1.win32_1.1.0.202305231506/tools/bin/../lib/gcc/arm-none-eabi/11.3.1/thumb/v7-m/nofp\libgcc.a(_dvmd_tls.o)
                0x00000000080015d4                __aeabi_idiv0
                0x00000000080015d4                __aeabi_ldiv0
 *(.text*)
 .text.timer_Right
                0x00000000080015d8       0x84 ./Core/Src/API.o
                0x00000000080015d8                timer_Right
 .text.timer_Left
                0x000000000800165c       0x84 ./Core/Src/API.o
                0x000000000800165c                timer_Left
 .text.forwardGPIO
                0x00000000080016e0       0x48 ./Core/Src/API.o
                0x00000000080016e0                forwardGPIO
 .text.API_moveForward
                0x0000000008001728      0x61c ./Core/Src/API.o
                0x0000000008001728                API_moveForward
 .text.API_turnRight
                0x0000000008001d44      0x1e4 ./Core/Src/API.o
                0x0000000008001d44                API_turnRight
 .text.API_turnLeft
                0x0000000008001f28      0x1e4 ./Core/Src/API.o
                0x0000000008001f28                API_turnLeft
 .text.API_turnRight180
                0x000000000800210c      0x1e0 ./Core/Src/API.o
                0x000000000800210c                API_turnRight180
 .text.API_turnLeft180
                0x00000000080022ec      0x1e0 ./Core/Src/API.o
                0x00000000080022ec                API_turnLeft180
 .text.stop     0x00000000080024cc       0x60 ./Core/Src/API.o
                0x00000000080024cc                stop
 .text.FEE_Write
                0x000000000800252c      0x1a2 ./Core/Src/FEE.o
                0x000000000800252c                FEE_Write
 .text.FEE_Read
                0x00000000080026ce       0x42 ./Core/Src/FEE.o
                0x00000000080026ce                FEE_Read
 .text.FEE_WriteData
                0x0000000008002710       0x82 ./Core/Src/FEE.o
                0x0000000008002710                FEE_WriteData
 .text.FEE_ReadData
                0x0000000008002792       0x82 ./Core/Src/FEE.o
                0x0000000008002792                FEE_ReadData
 .text.bno055_init
                0x0000000008002814      0x248 ./Core/Src/bno055.o
                0x0000000008002814                bno055_init
 .text.bno055_temperature
                0x0000000008002a5c       0x66 ./Core/Src/bno055.o
                0x0000000008002a5c                bno055_temperature
 *fill*         0x0000000008002ac2        0x2 
 .text.bno055_acc_x
                0x0000000008002ac4       0x84 ./Core/Src/bno055.o
                0x0000000008002ac4                bno055_acc_x
 .text.bno055_acc_y
                0x0000000008002b48       0x84 ./Core/Src/bno055.o
                0x0000000008002b48                bno055_acc_y
 .text.bno055_acc_z
                0x0000000008002bcc       0x84 ./Core/Src/bno055.o
                0x0000000008002bcc                bno055_acc_z
 .text.bno055_acc
                0x0000000008002c50       0xd0 ./Core/Src/bno055.o
                0x0000000008002c50                bno055_acc
 .text.bno055_linear_acc_x
                0x0000000008002d20       0x84 ./Core/Src/bno055.o
                0x0000000008002d20                bno055_linear_acc_x
 .text.bno055_linear_acc_y
                0x0000000008002da4       0x84 ./Core/Src/bno055.o
                0x0000000008002da4                bno055_linear_acc_y
 .text.bno055_linear_acc_z
                0x0000000008002e28       0x84 ./Core/Src/bno055.o
                0x0000000008002e28                bno055_linear_acc_z
 .text.bno055_linear_acc
                0x0000000008002eac       0xd0 ./Core/Src/bno055.o
                0x0000000008002eac                bno055_linear_acc
 .text.bno055_gyro_x
                0x0000000008002f7c       0x84 ./Core/Src/bno055.o
                0x0000000008002f7c                bno055_gyro_x
 .text.bno055_gyro_y
                0x0000000008003000       0x84 ./Core/Src/bno055.o
                0x0000000008003000                bno055_gyro_y
 .text.bno055_gyro_z
                0x0000000008003084       0x84 ./Core/Src/bno055.o
                0x0000000008003084                bno055_gyro_z
 .text.bno055_gyro
                0x0000000008003108       0xd0 ./Core/Src/bno055.o
                0x0000000008003108                bno055_gyro
 .text.bno055_mag_x
                0x00000000080031d8       0x70 ./Core/Src/bno055.o
                0x00000000080031d8                bno055_mag_x
 .text.bno055_mag_y
                0x0000000008003248       0x70 ./Core/Src/bno055.o
                0x0000000008003248                bno055_mag_y
 .text.bno055_mag_z
                0x00000000080032b8       0x70 ./Core/Src/bno055.o
                0x00000000080032b8                bno055_mag_z
 .text.bno055_mag
                0x0000000008003328       0xc0 ./Core/Src/bno055.o
                0x0000000008003328                bno055_mag
 .text.bno055_gravity_x
                0x00000000080033e8       0x84 ./Core/Src/bno055.o
                0x00000000080033e8                bno055_gravity_x
 .text.bno055_gravity_y
                0x000000000800346c       0x84 ./Core/Src/bno055.o
                0x000000000800346c                bno055_gravity_y
 .text.bno055_gravity_z
                0x00000000080034f0       0x84 ./Core/Src/bno055.o
                0x00000000080034f0                bno055_gravity_z
 .text.bno055_gravity
                0x0000000008003574       0xd0 ./Core/Src/bno055.o
                0x0000000008003574                bno055_gravity
 .text.bno055_euler_yaw
                0x0000000008003644       0x84 ./Core/Src/bno055.o
                0x0000000008003644                bno055_euler_yaw
 .text.bno055_euler_roll
                0x00000000080036c8       0x84 ./Core/Src/bno055.o
                0x00000000080036c8                bno055_euler_roll
 .text.bno055_euler_pitch
                0x000000000800374c       0x84 ./Core/Src/bno055.o
                0x000000000800374c                bno055_euler_pitch
 .text.bno055_euler
                0x00000000080037d0       0xd0 ./Core/Src/bno055.o
                0x00000000080037d0                bno055_euler
 .text.bno055_quaternion_w
                0x00000000080038a0       0x70 ./Core/Src/bno055.o
                0x00000000080038a0                bno055_quaternion_w
 .text.bno055_quaternion_x
                0x0000000008003910       0x70 ./Core/Src/bno055.o
                0x0000000008003910                bno055_quaternion_x
 .text.bno055_quaternion_y
                0x0000000008003980       0x70 ./Core/Src/bno055.o
                0x0000000008003980                bno055_quaternion_y
 .text.bno055_quaternion_z
                0x00000000080039f0       0x70 ./Core/Src/bno055.o
                0x00000000080039f0                bno055_quaternion_z
 .text.bno055_quaternion
                0x0000000008003a60       0xe8 ./Core/Src/bno055.o
                0x0000000008003a60                bno055_quaternion
 .text.bno055_acc_conf
                0x0000000008003b48       0xd0 ./Core/Src/bno055.o
                0x0000000008003b48                bno055_acc_conf
 .text.bno055_gyr_conf
                0x0000000008003c18       0xce ./Core/Src/bno055.o
                0x0000000008003c18                bno055_gyr_conf
 .text.bno055_mag_conf
                0x0000000008003ce6       0xd0 ./Core/Src/bno055.o
                0x0000000008003ce6                bno055_mag_conf
 .text.bno055_set_opmode
                0x0000000008003db6       0x4e ./Core/Src/bno055.o
                0x0000000008003db6                bno055_set_opmode
 .text.bno055_set_unit
                0x0000000008003e04       0xd0 ./Core/Src/bno055.o
                0x0000000008003e04                bno055_set_unit
 .text.bno055_set_pwr_mode
                0x0000000008003ed4       0xba ./Core/Src/bno055.o
                0x0000000008003ed4                bno055_set_pwr_mode
 .text.bno055_reset
                0x0000000008003f8e       0x46 ./Core/Src/bno055.o
                0x0000000008003f8e                bno055_reset
 .text.bno055_on
                0x0000000008003fd4       0x46 ./Core/Src/bno055.o
                0x0000000008003fd4                bno055_on
 .text.bno055_read_regs
                0x000000000800401a       0x6c ./Core/Src/bno055.o
                0x000000000800401a                bno055_read_regs
 .text.bno055_write_regs
                0x0000000008004086       0x5a ./Core/Src/bno055.o
                0x0000000008004086                bno055_write_regs
 .text.bno055_set_page
                0x00000000080040e0       0x6c ./Core/Src/bno055.o
                0x00000000080040e0                bno055_set_page
 .text.bno055_err_str
                0x000000000800414c       0x78 ./Core/Src/bno055.o
                0x000000000800414c                bno055_err_str
 .text._write   0x00000000080041c4       0x2c ./Core/Src/main.o
                0x00000000080041c4                _write
 .text.CurrentYaw
                0x00000000080041f0       0x2c ./Core/Src/main.o
                0x00000000080041f0                CurrentYaw
 *fill*         0x000000000800421c        0x4 
 .text.distanceLeft
                0x0000000008004220       0xf0 ./Core/Src/main.o
                0x0000000008004220                distanceLeft
 .text.distanceStraight
                0x0000000008004310       0xf0 ./Core/Src/main.o
                0x0000000008004310                distanceStraight
 .text.distanceRight
                0x0000000008004400       0xf0 ./Core/Src/main.o
                0x0000000008004400                distanceRight
 .text.isValid  0x00000000080044f0       0x3c ./Core/Src/main.o
                0x00000000080044f0                isValid
 .text.init_arr
                0x000000000800452c       0x52 ./Core/Src/main.o
                0x000000000800452c                init_arr
 *fill*         0x000000000800457e        0x2 
 .text.check_and_fill
                0x0000000008004580       0x78 ./Core/Src/main.o
                0x0000000008004580                check_and_fill
 .text.init_flood
                0x00000000080045f8      0x12c ./Core/Src/main.o
                0x00000000080045f8                init_flood
 .text.init_maze
                0x0000000008004724       0xa0 ./Core/Src/main.o
                0x0000000008004724                init_maze
 .text.cell_direction_adjust
                0x00000000080047c4       0xea ./Core/Src/main.o
                0x00000000080047c4                cell_direction_adjust
 *fill*         0x00000000080048ae        0x2 
 .text.update_walls
                0x00000000080048b0      0x2c8 ./Core/Src/main.o
                0x00000000080048b0                update_walls
 .text.go_to_cell
                0x0000000008004b78       0xdc ./Core/Src/main.o
                0x0000000008004b78                go_to_cell
 .text.check_wall_angle
                0x0000000008004c54       0xcc ./Core/Src/main.o
                0x0000000008004c54                check_wall_angle
 .text.get_min_neighbour
                0x0000000008004d20       0xec ./Core/Src/main.o
                0x0000000008004d20                get_min_neighbour
 .text.flood    0x0000000008004e0c      0x17c ./Core/Src/main.o
                0x0000000008004e0c                flood
 .text.floodfill
                0x0000000008004f88      0x2b6 ./Core/Src/main.o
                0x0000000008004f88                floodfill
 *fill*         0x000000000800523e        0x2 
 .text.init_flood_start
                0x0000000008005240      0x1f4 ./Core/Src/main.o
                0x0000000008005240                init_flood_start
 .text.HAL_TIM_IC_CaptureCallback
                0x0000000008005434       0x64 ./Core/Src/main.o
                0x0000000008005434                HAL_TIM_IC_CaptureCallback
 .text.main     0x0000000008005498      0x69c ./Core/Src/main.o
                0x0000000008005498                main
 .text.SystemClock_Config
                0x0000000008005b34       0xb8 ./Core/Src/main.o
                0x0000000008005b34                SystemClock_Config
 .text.MX_ADC1_Init
                0x0000000008005bec       0x7c ./Core/Src/main.o
 .text.MX_ADC2_Init
                0x0000000008005c68       0x7c ./Core/Src/main.o
 .text.MX_ADC3_Init
                0x0000000008005ce4       0x7c ./Core/Src/main.o
 .text.MX_I2C1_Init
                0x0000000008005d60       0x5c ./Core/Src/main.o
 .text.MX_TIM1_Init
                0x0000000008005dbc      0x13c ./Core/Src/main.o
 .text.MX_TIM2_Init
                0x0000000008005ef8       0xa8 ./Core/Src/main.o
 .text.MX_TIM3_Init
                0x0000000008005fa0       0xa8 ./Core/Src/main.o
 .text.MX_TIM4_Init
                0x0000000008006048       0xec ./Core/Src/main.o
 .text.MX_USART1_UART_Init
                0x0000000008006134       0x54 ./Core/Src/main.o
 .text.MX_GPIO_Init
                0x0000000008006188      0x10c ./Core/Src/main.o
 .text.Error_Handler
                0x0000000008006294        0xa ./Core/Src/main.o
                0x0000000008006294                Error_Handler
 .text.initializeQueue
                0x000000000800629e       0x30 ./Core/Src/queue.o
                0x000000000800629e                initializeQueue
 .text.isEmptyQueue
                0x00000000080062ce       0x32 ./Core/Src/queue.o
                0x00000000080062ce                isEmptyQueue
 .text.isFullQueue
                0x0000000008006300       0x28 ./Core/Src/queue.o
                0x0000000008006300                isFullQueue
 .text.pushQueue
                0x0000000008006328       0x5c ./Core/Src/queue.o
                0x0000000008006328                pushQueue
 .text.popQueue
                0x0000000008006384       0x34 ./Core/Src/queue.o
                0x0000000008006384                popQueue
 .text.peekQueue
                0x00000000080063b8       0x64 ./Core/Src/queue.o
                0x00000000080063b8                peekQueue
 .text.sizeQueue
                0x000000000800641c       0x2a ./Core/Src/queue.o
                0x000000000800641c                sizeQueue
 .text.initializeStack
                0x0000000008006446       0x22 ./Core/Src/stack.o
                0x0000000008006446                initializeStack
 .text.isEmptyStack
                0x0000000008006468       0x28 ./Core/Src/stack.o
                0x0000000008006468                isEmptyStack
 .text.isFullStack
                0x0000000008006490       0x2a ./Core/Src/stack.o
                0x0000000008006490                isFullStack
 .text.pushStack
                0x00000000080064ba       0x5c ./Core/Src/stack.o
                0x00000000080064ba                pushStack
 *fill*         0x0000000008006516        0x2 
 .text.popStack
                0x0000000008006518       0x6c ./Core/Src/stack.o
                0x0000000008006518                popStack
 .text.peekStack
                0x0000000008006584       0x60 ./Core/Src/stack.o
                0x0000000008006584                peekStack
 .text.sizeStack
                0x00000000080065e4       0x1e ./Core/Src/stack.o
                0x00000000080065e4                sizeStack
 *fill*         0x0000000008006602        0x2 
 .text.HAL_MspInit
                0x0000000008006604       0x64 ./Core/Src/stm32f1xx_hal_msp.o
                0x0000000008006604                HAL_MspInit
 .text.HAL_ADC_MspInit
                0x0000000008006668      0x124 ./Core/Src/stm32f1xx_hal_msp.o
                0x0000000008006668                HAL_ADC_MspInit
 .text.HAL_I2C_MspInit
                0x000000000800678c       0x7c ./Core/Src/stm32f1xx_hal_msp.o
                0x000000000800678c                HAL_I2C_MspInit
 .text.HAL_TIM_Base_MspInit
                0x0000000008006808       0x64 ./Core/Src/stm32f1xx_hal_msp.o
                0x0000000008006808                HAL_TIM_Base_MspInit
 .text.HAL_TIM_Encoder_MspInit
                0x000000000800686c      0x150 ./Core/Src/stm32f1xx_hal_msp.o
                0x000000000800686c                HAL_TIM_Encoder_MspInit
 .text.HAL_TIM_MspPostInit
                0x00000000080069bc       0xac ./Core/Src/stm32f1xx_hal_msp.o
                0x00000000080069bc                HAL_TIM_MspPostInit
 .text.HAL_UART_MspInit
                0x0000000008006a68       0x98 ./Core/Src/stm32f1xx_hal_msp.o
                0x0000000008006a68                HAL_UART_MspInit
 .text.NMI_Handler
                0x0000000008006b00        0x6 ./Core/Src/stm32f1xx_it.o
                0x0000000008006b00                NMI_Handler
 .text.HardFault_Handler
                0x0000000008006b06        0x6 ./Core/Src/stm32f1xx_it.o
                0x0000000008006b06                HardFault_Handler
 .text.MemManage_Handler
                0x0000000008006b0c        0x6 ./Core/Src/stm32f1xx_it.o
                0x0000000008006b0c                MemManage_Handler
 .text.BusFault_Handler
                0x0000000008006b12        0x6 ./Core/Src/stm32f1xx_it.o
                0x0000000008006b12                BusFault_Handler
 .text.UsageFault_Handler
                0x0000000008006b18        0x6 ./Core/Src/stm32f1xx_it.o
                0x0000000008006b18                UsageFault_Handler
 .text.SVC_Handler
                0x0000000008006b1e        0xc ./Core/Src/stm32f1xx_it.o
                0x0000000008006b1e                SVC_Handler
 .text.DebugMon_Handler
                0x0000000008006b2a        0xc ./Core/Src/stm32f1xx_it.o
                0x0000000008006b2a                DebugMon_Handler
 .text.PendSV_Handler
                0x0000000008006b36        0xc ./Core/Src/stm32f1xx_it.o
                0x0000000008006b36                PendSV_Handler
 .text.SysTick_Handler
                0x0000000008006b42        0xc ./Core/Src/stm32f1xx_it.o
                0x0000000008006b42                SysTick_Handler
 *fill*         0x0000000008006b4e        0x2 
 .text.TIM2_IRQHandler
                0x0000000008006b50       0x14 ./Core/Src/stm32f1xx_it.o
                0x0000000008006b50                TIM2_IRQHandler
 .text.TIM3_IRQHandler
                0x0000000008006b64       0x14 ./Core/Src/stm32f1xx_it.o
                0x0000000008006b64                TIM3_IRQHandler
 .text._getpid  0x0000000008006b78        0xe ./Core/Src/syscalls.o
                0x0000000008006b78                _getpid
 .text._kill    0x0000000008006b86       0x20 ./Core/Src/syscalls.o
                0x0000000008006b86                _kill
 .text._exit    0x0000000008006ba6       0x14 ./Core/Src/syscalls.o
                0x0000000008006ba6                _exit
 .text._read    0x0000000008006bba       0x3a ./Core/Src/syscalls.o
                0x0000000008006bba                _read
 .text._close   0x0000000008006bf4       0x16 ./Core/Src/syscalls.o
                0x0000000008006bf4                _close
 .text._fstat   0x0000000008006c0a       0x1e ./Core/Src/syscalls.o
                0x0000000008006c0a                _fstat
 .text._isatty  0x0000000008006c28       0x14 ./Core/Src/syscalls.o
                0x0000000008006c28                _isatty
 .text._lseek   0x0000000008006c3c       0x18 ./Core/Src/syscalls.o
                0x0000000008006c3c                _lseek
 .text._sbrk    0x0000000008006c54       0x6c ./Core/Src/sysmem.o
                0x0000000008006c54                _sbrk
 .text.SystemInit
                0x0000000008006cc0        0xc ./Core/Src/system_stm32f1xx.o
                0x0000000008006cc0                SystemInit
 .text.Reset_Handler
                0x0000000008006ccc       0x48 ./Core/Startup/startup_stm32f103rctx.o
                0x0000000008006ccc                Reset_Handler
 .text.Default_Handler
                0x0000000008006d14        0x2 ./Core/Startup/startup_stm32f103rctx.o
                0x0000000008006d14                RTC_Alarm_IRQHandler
                0x0000000008006d14                EXTI2_IRQHandler
                0x0000000008006d14                TIM8_TRG_COM_IRQHandler
                0x0000000008006d14                TIM8_CC_IRQHandler
                0x0000000008006d14                TIM1_CC_IRQHandler
                0x0000000008006d14                TIM6_IRQHandler
                0x0000000008006d14                PVD_IRQHandler
                0x0000000008006d14                SDIO_IRQHandler
                0x0000000008006d14                EXTI3_IRQHandler
                0x0000000008006d14                EXTI0_IRQHandler
                0x0000000008006d14                I2C2_EV_IRQHandler
                0x0000000008006d14                ADC1_2_IRQHandler
                0x0000000008006d14                SPI1_IRQHandler
                0x0000000008006d14                TAMPER_IRQHandler
                0x0000000008006d14                TIM8_UP_IRQHandler
                0x0000000008006d14                DMA2_Channel2_IRQHandler
                0x0000000008006d14                DMA1_Channel4_IRQHandler
                0x0000000008006d14                USART3_IRQHandler
                0x0000000008006d14                RTC_IRQHandler
                0x0000000008006d14                DMA1_Channel7_IRQHandler
                0x0000000008006d14                CAN1_RX1_IRQHandler
                0x0000000008006d14                UART5_IRQHandler
                0x0000000008006d14                ADC3_IRQHandler
                0x0000000008006d14                TIM4_IRQHandler
                0x0000000008006d14                DMA2_Channel1_IRQHandler
                0x0000000008006d14                I2C1_EV_IRQHandler
                0x0000000008006d14                DMA1_Channel6_IRQHandler
                0x0000000008006d14                UART4_IRQHandler
                0x0000000008006d14                RCC_IRQHandler
                0x0000000008006d14                TIM1_TRG_COM_IRQHandler
                0x0000000008006d14                DMA1_Channel1_IRQHandler
                0x0000000008006d14                Default_Handler
                0x0000000008006d14                EXTI15_10_IRQHandler
                0x0000000008006d14                TIM7_IRQHandler
                0x0000000008006d14                TIM5_IRQHandler
                0x0000000008006d14                EXTI9_5_IRQHandler
                0x0000000008006d14                SPI2_IRQHandler
                0x0000000008006d14                DMA1_Channel5_IRQHandler
                0x0000000008006d14                EXTI4_IRQHandler
                0x0000000008006d14                USB_LP_CAN1_RX0_IRQHandler
                0x0000000008006d14                USB_HP_CAN1_TX_IRQHandler
                0x0000000008006d14                DMA1_Channel3_IRQHandler
                0x0000000008006d14                FSMC_IRQHandler
                0x0000000008006d14                TIM1_UP_IRQHandler
                0x0000000008006d14                WWDG_IRQHandler
                0x0000000008006d14                TIM1_BRK_IRQHandler
                0x0000000008006d14                EXTI1_IRQHandler
                0x0000000008006d14                DMA2_Channel4_5_IRQHandler
                0x0000000008006d14                USART2_IRQHandler
                0x0000000008006d14                I2C2_ER_IRQHandler
                0x0000000008006d14                DMA1_Channel2_IRQHandler
                0x0000000008006d14                TIM8_BRK_IRQHandler
                0x0000000008006d14                CAN1_SCE_IRQHandler
                0x0000000008006d14                FLASH_IRQHandler
                0x0000000008006d14                USART1_IRQHandler
                0x0000000008006d14                SPI3_IRQHandler
                0x0000000008006d14                I2C1_ER_IRQHandler
                0x0000000008006d14                USBWakeUp_IRQHandler
                0x0000000008006d14                DMA2_Channel3_IRQHandler
 *fill*         0x0000000008006d16        0x2 
 .text.HAL_Init
                0x0000000008006d18       0x2c ./Drivers/STM32F1xx_HAL_Driver/Src/stm32f1xx_hal.o
                0x0000000008006d18                HAL_Init
 .text.HAL_InitTick
                0x0000000008006d44       0x60 ./Drivers/STM32F1xx_HAL_Driver/Src/stm32f1xx_hal.o
                0x0000000008006d44                HAL_InitTick
 .text.HAL_IncTick
                0x0000000008006da4       0x24 ./Drivers/STM32F1xx_HAL_Driver/Src/stm32f1xx_hal.o
                0x0000000008006da4                HAL_IncTick
 .text.HAL_GetTick
                0x0000000008006dc8       0x14 ./Drivers/STM32F1xx_HAL_Driver/Src/stm32f1xx_hal.o
                0x0000000008006dc8                HAL_GetTick
 .text.HAL_Delay
                0x0000000008006ddc       0x48 ./Drivers/STM32F1xx_HAL_Driver/Src/stm32f1xx_hal.o
                0x0000000008006ddc                HAL_Delay
 .text.HAL_ADC_Init
                0x0000000008006e24      0x1d4 ./Drivers/STM32F1xx_HAL_Driver/Src/stm32f1xx_hal_adc.o
                0x0000000008006e24                HAL_ADC_Init
 .text.HAL_ADC_Start
                0x0000000008006ff8      0x15c ./Drivers/STM32F1xx_HAL_Driver/Src/stm32f1xx_hal_adc.o
                0x0000000008006ff8                HAL_ADC_Start
 .text.HAL_ADC_Stop
                0x0000000008007154       0x58 ./Drivers/STM32F1xx_HAL_Driver/Src/stm32f1xx_hal_adc.o
                0x0000000008007154                HAL_ADC_Stop
 .text.HAL_ADC_PollForConversion
                0x00000000080071ac      0x20c ./Drivers/STM32F1xx_HAL_Driver/Src/stm32f1xx_hal_adc.o
                0x00000000080071ac                HAL_ADC_PollForConversion
 .text.HAL_ADC_GetValue
                0x00000000080073b8       0x18 ./Drivers/STM32F1xx_HAL_Driver/Src/stm32f1xx_hal_adc.o
                0x00000000080073b8                HAL_ADC_GetValue
 .text.HAL_ADC_ConfigChannel
                0x00000000080073d0      0x1f0 ./Drivers/STM32F1xx_HAL_Driver/Src/stm32f1xx_hal_adc.o
                0x00000000080073d0                HAL_ADC_ConfigChannel
 .text.ADC_Enable
                0x00000000080075c0       0xb4 ./Drivers/STM32F1xx_HAL_Driver/Src/stm32f1xx_hal_adc.o
                0x00000000080075c0                ADC_Enable
 .text.ADC_ConversionStop_Disable
                0x0000000008007674       0x82 ./Drivers/STM32F1xx_HAL_Driver/Src/stm32f1xx_hal_adc.o
                0x0000000008007674                ADC_ConversionStop_Disable
 *fill*         0x00000000080076f6        0x2 
 .text.__NVIC_SetPriorityGrouping
                0x00000000080076f8       0x48 ./Drivers/STM32F1xx_HAL_Driver/Src/stm32f1xx_hal_cortex.o
 .text.__NVIC_GetPriorityGrouping
                0x0000000008007740       0x1c ./Drivers/STM32F1xx_HAL_Driver/Src/stm32f1xx_hal_cortex.o
 .text.__NVIC_EnableIRQ
                0x000000000800775c       0x38 ./Drivers/STM32F1xx_HAL_Driver/Src/stm32f1xx_hal_cortex.o
 .text.__NVIC_SetPriority
                0x0000000008007794       0x54 ./Drivers/STM32F1xx_HAL_Driver/Src/stm32f1xx_hal_cortex.o
 .text.NVIC_EncodePriority
                0x00000000080077e8       0x64 ./Drivers/STM32F1xx_HAL_Driver/Src/stm32f1xx_hal_cortex.o
 .text.SysTick_Config
                0x000000000800784c       0x44 ./Drivers/STM32F1xx_HAL_Driver/Src/stm32f1xx_hal_cortex.o
 .text.HAL_NVIC_SetPriorityGrouping
                0x0000000008007890       0x16 ./Drivers/STM32F1xx_HAL_Driver/Src/stm32f1xx_hal_cortex.o
                0x0000000008007890                HAL_NVIC_SetPriorityGrouping
 .text.HAL_NVIC_SetPriority
                0x00000000080078a6       0x38 ./Drivers/STM32F1xx_HAL_Driver/Src/stm32f1xx_hal_cortex.o
                0x00000000080078a6                HAL_NVIC_SetPriority
 .text.HAL_NVIC_EnableIRQ
                0x00000000080078de       0x1c ./Drivers/STM32F1xx_HAL_Driver/Src/stm32f1xx_hal_cortex.o
                0x00000000080078de                HAL_NVIC_EnableIRQ
 .text.HAL_SYSTICK_Config
                0x00000000080078fa       0x18 ./Drivers/STM32F1xx_HAL_Driver/Src/stm32f1xx_hal_cortex.o
                0x00000000080078fa                HAL_SYSTICK_Config
 *fill*         0x0000000008007912        0x2 
 .text.HAL_FLASH_Program
                0x0000000008007914       0xe0 ./Drivers/STM32F1xx_HAL_Driver/Src/stm32f1xx_hal_flash.o
                0x0000000008007914                HAL_FLASH_Program
 .text.HAL_FLASH_Unlock
                0x00000000080079f4       0x4c ./Drivers/STM32F1xx_HAL_Driver/Src/stm32f1xx_hal_flash.o
                0x00000000080079f4                HAL_FLASH_Unlock
 .text.HAL_FLASH_Lock
                0x0000000008007a40       0x20 ./Drivers/STM32F1xx_HAL_Driver/Src/stm32f1xx_hal_flash.o
                0x0000000008007a40                HAL_FLASH_Lock
 .text.FLASH_Program_HalfWord
                0x0000000008007a60       0x38 ./Drivers/STM32F1xx_HAL_Driver/Src/stm32f1xx_hal_flash.o
 .text.FLASH_WaitForLastOperation
                0x0000000008007a98       0x8c ./Drivers/STM32F1xx_HAL_Driver/Src/stm32f1xx_hal_flash.o
                0x0000000008007a98                FLASH_WaitForLastOperation
 .text.FLASH_SetErrorCode
                0x0000000008007b24       0xa0 ./Drivers/STM32F1xx_HAL_Driver/Src/stm32f1xx_hal_flash.o
 .text.HAL_FLASHEx_Erase
                0x0000000008007bc4       0xd8 ./Drivers/STM32F1xx_HAL_Driver/Src/stm32f1xx_hal_flash_ex.o
                0x0000000008007bc4                HAL_FLASHEx_Erase
 .text.FLASH_MassErase
                0x0000000008007c9c       0x38 ./Drivers/STM32F1xx_HAL_Driver/Src/stm32f1xx_hal_flash_ex.o
 .text.FLASH_PageErase
                0x0000000008007cd4       0x40 ./Drivers/STM32F1xx_HAL_Driver/Src/stm32f1xx_hal_flash_ex.o
                0x0000000008007cd4                FLASH_PageErase
 .text.HAL_GPIO_Init
                0x0000000008007d14      0x328 ./Drivers/STM32F1xx_HAL_Driver/Src/stm32f1xx_hal_gpio.o
                0x0000000008007d14                HAL_GPIO_Init
 .text.HAL_GPIO_ReadPin
                0x000000000800803c       0x2e ./Drivers/STM32F1xx_HAL_Driver/Src/stm32f1xx_hal_gpio.o
                0x000000000800803c                HAL_GPIO_ReadPin
 .text.HAL_GPIO_WritePin
                0x000000000800806a       0x30 ./Drivers/STM32F1xx_HAL_Driver/Src/stm32f1xx_hal_gpio.o
                0x000000000800806a                HAL_GPIO_WritePin
 .text.HAL_GPIO_TogglePin
                0x000000000800809a       0x32 ./Drivers/STM32F1xx_HAL_Driver/Src/stm32f1xx_hal_gpio.o
                0x000000000800809a                HAL_GPIO_TogglePin
 .text.HAL_I2C_Init
                0x00000000080080cc      0x288 ./Drivers/STM32F1xx_HAL_Driver/Src/stm32f1xx_hal_i2c.o
                0x00000000080080cc                HAL_I2C_Init
 .text.HAL_I2C_Master_Transmit
                0x0000000008008354      0x1fc ./Drivers/STM32F1xx_HAL_Driver/Src/stm32f1xx_hal_i2c.o
                0x0000000008008354                HAL_I2C_Master_Transmit
 .text.HAL_I2C_Master_Receive
                0x0000000008008550      0x4d8 ./Drivers/STM32F1xx_HAL_Driver/Src/stm32f1xx_hal_i2c.o
                0x0000000008008550                HAL_I2C_Master_Receive
 .text.HAL_I2C_Mem_Write
                0x0000000008008a28      0x1f4 ./Drivers/STM32F1xx_HAL_Driver/Src/stm32f1xx_hal_i2c.o
                0x0000000008008a28                HAL_I2C_Mem_Write
 .text.I2C_MasterRequestWrite
                0x0000000008008c1c      0x104 ./Drivers/STM32F1xx_HAL_Driver/Src/stm32f1xx_hal_i2c.o
 .text.I2C_MasterRequestRead
                0x0000000008008d20      0x19c ./Drivers/STM32F1xx_HAL_Driver/Src/stm32f1xx_hal_i2c.o
 .text.I2C_RequestMemoryWrite
                0x0000000008008ebc      0x12c ./Drivers/STM32F1xx_HAL_Driver/Src/stm32f1xx_hal_i2c.o
 .text.I2C_WaitOnFlagUntilTimeout
                0x0000000008008fe8       0xf4 ./Drivers/STM32F1xx_HAL_Driver/Src/stm32f1xx_hal_i2c.o
 .text.I2C_WaitOnMasterAddressFlagUntilTimeout
                0x00000000080090dc      0x140 ./Drivers/STM32F1xx_HAL_Driver/Src/stm32f1xx_hal_i2c.o
 .text.I2C_WaitOnTXEFlagUntilTimeout
                0x000000000800921c       0x90 ./Drivers/STM32F1xx_HAL_Driver/Src/stm32f1xx_hal_i2c.o
 .text.I2C_WaitOnBTFFlagUntilTimeout
                0x00000000080092ac       0x90 ./Drivers/STM32F1xx_HAL_Driver/Src/stm32f1xx_hal_i2c.o
 .text.I2C_WaitOnRXNEFlagUntilTimeout
                0x000000000800933c       0xba ./Drivers/STM32F1xx_HAL_Driver/Src/stm32f1xx_hal_i2c.o
 .text.I2C_IsAcknowledgeFailed
                0x00000000080093f6       0x5c ./Drivers/STM32F1xx_HAL_Driver/Src/stm32f1xx_hal_i2c.o
 *fill*         0x0000000008009452        0x2 
 .text.HAL_RCC_OscConfig
                0x0000000008009454      0x504 ./Drivers/STM32F1xx_HAL_Driver/Src/stm32f1xx_hal_rcc.o
                0x0000000008009454                HAL_RCC_OscConfig
 .text.HAL_RCC_ClockConfig
                0x0000000008009958      0x1d4 ./Drivers/STM32F1xx_HAL_Driver/Src/stm32f1xx_hal_rcc.o
                0x0000000008009958                HAL_RCC_ClockConfig
 .text.HAL_RCC_GetSysClockFreq
                0x0000000008009b2c       0xa8 ./Drivers/STM32F1xx_HAL_Driver/Src/stm32f1xx_hal_rcc.o
                0x0000000008009b2c                HAL_RCC_GetSysClockFreq
 .text.HAL_RCC_GetHCLKFreq
                0x0000000008009bd4       0x14 ./Drivers/STM32F1xx_HAL_Driver/Src/stm32f1xx_hal_rcc.o
                0x0000000008009bd4                HAL_RCC_GetHCLKFreq
 .text.HAL_RCC_GetPCLK1Freq
                0x0000000008009be8       0x28 ./Drivers/STM32F1xx_HAL_Driver/Src/stm32f1xx_hal_rcc.o
                0x0000000008009be8                HAL_RCC_GetPCLK1Freq
 .text.HAL_RCC_GetPCLK2Freq
                0x0000000008009c10       0x28 ./Drivers/STM32F1xx_HAL_Driver/Src/stm32f1xx_hal_rcc.o
                0x0000000008009c10                HAL_RCC_GetPCLK2Freq
 .text.RCC_Delay
                0x0000000008009c38       0x3c ./Drivers/STM32F1xx_HAL_Driver/Src/stm32f1xx_hal_rcc.o
 .text.HAL_RCCEx_PeriphCLKConfig
                0x0000000008009c74      0x16c ./Drivers/STM32F1xx_HAL_Driver/Src/stm32f1xx_hal_rcc_ex.o
                0x0000000008009c74                HAL_RCCEx_PeriphCLKConfig
 .text.HAL_RCCEx_GetPeriphCLKFreq
                0x0000000008009de0      0x1b0 ./Drivers/STM32F1xx_HAL_Driver/Src/stm32f1xx_hal_rcc_ex.o
                0x0000000008009de0                HAL_RCCEx_GetPeriphCLKFreq
 .text.HAL_TIM_Base_Init
                0x0000000008009f90       0x9e ./Drivers/STM32F1xx_HAL_Driver/Src/stm32f1xx_hal_tim.o
                0x0000000008009f90                HAL_TIM_Base_Init
 .text.HAL_TIM_PWM_Init
                0x000000000800a02e       0x9e ./Drivers/STM32F1xx_HAL_Driver/Src/stm32f1xx_hal_tim.o
                0x000000000800a02e                HAL_TIM_PWM_Init
 .text.HAL_TIM_PWM_MspInit
                0x000000000800a0cc       0x12 ./Drivers/STM32F1xx_HAL_Driver/Src/stm32f1xx_hal_tim.o
                0x000000000800a0cc                HAL_TIM_PWM_MspInit
 *fill*         0x000000000800a0de        0x2 
 .text.HAL_TIM_PWM_Start
                0x000000000800a0e0      0x174 ./Drivers/STM32F1xx_HAL_Driver/Src/stm32f1xx_hal_tim.o
                0x000000000800a0e0                HAL_TIM_PWM_Start
 .text.HAL_TIM_Encoder_Init
                0x000000000800a254      0x144 ./Drivers/STM32F1xx_HAL_Driver/Src/stm32f1xx_hal_tim.o
                0x000000000800a254                HAL_TIM_Encoder_Init
 .text.HAL_TIM_Encoder_Start_IT
                0x000000000800a398      0x15c ./Drivers/STM32F1xx_HAL_Driver/Src/stm32f1xx_hal_tim.o
                0x000000000800a398                HAL_TIM_Encoder_Start_IT
 .text.HAL_TIM_IRQHandler
                0x000000000800a4f4      0x1e0 ./Drivers/STM32F1xx_HAL_Driver/Src/stm32f1xx_hal_tim.o
                0x000000000800a4f4                HAL_TIM_IRQHandler
 .text.HAL_TIM_PWM_ConfigChannel
                0x000000000800a6d4      0x184 ./Drivers/STM32F1xx_HAL_Driver/Src/stm32f1xx_hal_tim.o
                0x000000000800a6d4                HAL_TIM_PWM_ConfigChannel
 .text.HAL_TIM_ConfigClockSource
                0x000000000800a858      0x18e ./Drivers/STM32F1xx_HAL_Driver/Src/stm32f1xx_hal_tim.o
                0x000000000800a858                HAL_TIM_ConfigClockSource
 .text.HAL_TIM_PeriodElapsedCallback
                0x000000000800a9e6       0x12 ./Drivers/STM32F1xx_HAL_Driver/Src/stm32f1xx_hal_tim.o
                0x000000000800a9e6                HAL_TIM_PeriodElapsedCallback
 .text.HAL_TIM_OC_DelayElapsedCallback
                0x000000000800a9f8       0x12 ./Drivers/STM32F1xx_HAL_Driver/Src/stm32f1xx_hal_tim.o
                0x000000000800a9f8                HAL_TIM_OC_DelayElapsedCallback
 .text.HAL_TIM_PWM_PulseFinishedCallback
                0x000000000800aa0a       0x12 ./Drivers/STM32F1xx_HAL_Driver/Src/stm32f1xx_hal_tim.o
                0x000000000800aa0a                HAL_TIM_PWM_PulseFinishedCallback
 .text.HAL_TIM_TriggerCallback
                0x000000000800aa1c       0x12 ./Drivers/STM32F1xx_HAL_Driver/Src/stm32f1xx_hal_tim.o
                0x000000000800aa1c                HAL_TIM_TriggerCallback
 *fill*         0x000000000800aa2e        0x2 
 .text.TIM_Base_SetConfig
                0x000000000800aa30      0x10c ./Drivers/STM32F1xx_HAL_Driver/Src/stm32f1xx_hal_tim.o
                0x000000000800aa30                TIM_Base_SetConfig
 .text.TIM_OC1_SetConfig
                0x000000000800ab3c       0xe0 ./Drivers/STM32F1xx_HAL_Driver/Src/stm32f1xx_hal_tim.o
 .text.TIM_OC2_SetConfig
                0x000000000800ac1c       0xe8 ./Drivers/STM32F1xx_HAL_Driver/Src/stm32f1xx_hal_tim.o
                0x000000000800ac1c                TIM_OC2_SetConfig
 .text.TIM_OC3_SetConfig
                0x000000000800ad04       0xe8 ./Drivers/STM32F1xx_HAL_Driver/Src/stm32f1xx_hal_tim.o
 .text.TIM_OC4_SetConfig
                0x000000000800adec       0xa8 ./Drivers/STM32F1xx_HAL_Driver/Src/stm32f1xx_hal_tim.o
 .text.TIM_TI1_ConfigInputStage
                0x000000000800ae94       0x5c ./Drivers/STM32F1xx_HAL_Driver/Src/stm32f1xx_hal_tim.o
 .text.TIM_TI2_ConfigInputStage
                0x000000000800aef0       0x5e ./Drivers/STM32F1xx_HAL_Driver/Src/stm32f1xx_hal_tim.o
 .text.TIM_ITRx_SetConfig
                0x000000000800af4e       0x34 ./Drivers/STM32F1xx_HAL_Driver/Src/stm32f1xx_hal_tim.o
 .text.TIM_ETR_SetConfig
                0x000000000800af82       0x3e ./Drivers/STM32F1xx_HAL_Driver/Src/stm32f1xx_hal_tim.o
                0x000000000800af82                TIM_ETR_SetConfig
 .text.TIM_CCxChannelCmd
                0x000000000800afc0       0x48 ./Drivers/STM32F1xx_HAL_Driver/Src/stm32f1xx_hal_tim.o
                0x000000000800afc0                TIM_CCxChannelCmd
 .text.HAL_TIMEx_MasterConfigSynchronization
                0x000000000800b008       0xd8 ./Drivers/STM32F1xx_HAL_Driver/Src/stm32f1xx_hal_tim_ex.o
                0x000000000800b008                HAL_TIMEx_MasterConfigSynchronization
 .text.HAL_TIMEx_ConfigBreakDeadTime
                0x000000000800b0e0       0xa2 ./Drivers/STM32F1xx_HAL_Driver/Src/stm32f1xx_hal_tim_ex.o
                0x000000000800b0e0                HAL_TIMEx_ConfigBreakDeadTime
 .text.HAL_TIMEx_CommutCallback
                0x000000000800b182       0x12 ./Drivers/STM32F1xx_HAL_Driver/Src/stm32f1xx_hal_tim_ex.o
                0x000000000800b182                HAL_TIMEx_CommutCallback
 .text.HAL_TIMEx_BreakCallback
                0x000000000800b194       0x12 ./Drivers/STM32F1xx_HAL_Driver/Src/stm32f1xx_hal_tim_ex.o
                0x000000000800b194                HAL_TIMEx_BreakCallback
 .text.HAL_UART_Init
                0x000000000800b1a6       0xa0 ./Drivers/STM32F1xx_HAL_Driver/Src/stm32f1xx_hal_uart.o
                0x000000000800b1a6                HAL_UART_Init
 .text.HAL_UART_Transmit
                0x000000000800b246      0x116 ./Drivers/STM32F1xx_HAL_Driver/Src/stm32f1xx_hal_uart.o
                0x000000000800b246                HAL_UART_Transmit
 .text.UART_WaitOnFlagUntilTimeout
                0x000000000800b35c       0xb2 ./Drivers/STM32F1xx_HAL_Driver/Src/stm32f1xx_hal_uart.o
 .text.UART_EndRxTransfer
                0x000000000800b40e       0xc4 ./Drivers/STM32F1xx_HAL_Driver/Src/stm32f1xx_hal_uart.o
 *fill*         0x000000000800b4d2        0x2 
 .text.UART_SetConfig
                0x000000000800b4d4      0x11c ./Drivers/STM32F1xx_HAL_Driver/Src/stm32f1xx_hal_uart.o
 .text.__cvt    0x000000000800b5f0       0xbe E:/program/STM32CubeIDE_1.13.0/STM32CubeIDE/plugins/com.st.stm32cube.ide.mcu.externaltools.gnu-tools-for-stm32.11.3.rel1.win32_1.1.0.202305231506/tools/bin/../lib/gcc/arm-none-eabi/11.3.1/../../../../arm-none-eabi/lib/thumb/v7-m/nofp\libc_nano.a(libc_a-nano-vfprintf_float.o)
                0x000000000800b5f0                __cvt
 .text.__exponent
                0x000000000800b6ae       0x7a E:/program/STM32CubeIDE_1.13.0/STM32CubeIDE/plugins/com.st.stm32cube.ide.mcu.externaltools.gnu-tools-for-stm32.11.3.rel1.win32_1.1.0.202305231506/tools/bin/../lib/gcc/arm-none-eabi/11.3.1/../../../../arm-none-eabi/lib/thumb/v7-m/nofp\libc_nano.a(libc_a-nano-vfprintf_float.o)
                0x000000000800b6ae                __exponent
 .text._printf_float
                0x000000000800b728      0x45c E:/program/STM32CubeIDE_1.13.0/STM32CubeIDE/plugins/com.st.stm32cube.ide.mcu.externaltools.gnu-tools-for-stm32.11.3.rel1.win32_1.1.0.202305231506/tools/bin/../lib/gcc/arm-none-eabi/11.3.1/../../../../arm-none-eabi/lib/thumb/v7-m/nofp\libc_nano.a(libc_a-nano-vfprintf_float.o)
                0x000000000800b728                _printf_float
 .text._printf_common
                0x000000000800bb84       0xe4 E:/program/STM32CubeIDE_1.13.0/STM32CubeIDE/plugins/com.st.stm32cube.ide.mcu.externaltools.gnu-tools-for-stm32.11.3.rel1.win32_1.1.0.202305231506/tools/bin/../lib/gcc/arm-none-eabi/11.3.1/../../../../arm-none-eabi/lib/thumb/v7-m/nofp\libc_nano.a(libc_a-nano-vfprintf_i.o)
                0x000000000800bb84                _printf_common
 .text._printf_i
                0x000000000800bc68      0x244 E:/program/STM32CubeIDE_1.13.0/STM32CubeIDE/plugins/com.st.stm32cube.ide.mcu.externaltools.gnu-tools-for-stm32.11.3.rel1.win32_1.1.0.202305231506/tools/bin/../lib/gcc/arm-none-eabi/11.3.1/../../../../arm-none-eabi/lib/thumb/v7-m/nofp\libc_nano.a(libc_a-nano-vfprintf_i.o)
                0x000000000800bc68                _printf_i
 .text._scanf_float
                0x000000000800beac      0x41c E:/program/STM32CubeIDE_1.13.0/STM32CubeIDE/plugins/com.st.stm32cube.ide.mcu.externaltools.gnu-tools-for-stm32.11.3.rel1.win32_1.1.0.202305231506/tools/bin/../lib/gcc/arm-none-eabi/11.3.1/../../../../arm-none-eabi/lib/thumb/v7-m/nofp\libc_nano.a(libc_a-nano-vfscanf_float.o)
                0x000000000800beac                _scanf_float
 .text.std      0x000000000800c2c8       0x48 E:/program/STM32CubeIDE_1.13.0/STM32CubeIDE/plugins/com.st.stm32cube.ide.mcu.externaltools.gnu-tools-for-stm32.11.3.rel1.win32_1.1.0.202305231506/tools/bin/../lib/gcc/arm-none-eabi/11.3.1/../../../../arm-none-eabi/lib/thumb/v7-m/nofp\libc_nano.a(libc_a-findfp.o)
 .text.stdio_exit_handler
                0x000000000800c310       0x18 E:/program/STM32CubeIDE_1.13.0/STM32CubeIDE/plugins/com.st.stm32cube.ide.mcu.externaltools.gnu-tools-for-stm32.11.3.rel1.win32_1.1.0.202305231506/tools/bin/../lib/gcc/arm-none-eabi/11.3.1/../../../../arm-none-eabi/lib/thumb/v7-m/nofp\libc_nano.a(libc_a-findfp.o)
 .text.cleanup_stdio
                0x000000000800c328       0x40 E:/program/STM32CubeIDE_1.13.0/STM32CubeIDE/plugins/com.st.stm32cube.ide.mcu.externaltools.gnu-tools-for-stm32.11.3.rel1.win32_1.1.0.202305231506/tools/bin/../lib/gcc/arm-none-eabi/11.3.1/../../../../arm-none-eabi/lib/thumb/v7-m/nofp\libc_nano.a(libc_a-findfp.o)
 .text.global_stdio_init.part.0
                0x000000000800c368       0x3c E:/program/STM32CubeIDE_1.13.0/STM32CubeIDE/plugins/com.st.stm32cube.ide.mcu.externaltools.gnu-tools-for-stm32.11.3.rel1.win32_1.1.0.202305231506/tools/bin/../lib/gcc/arm-none-eabi/11.3.1/../../../../arm-none-eabi/lib/thumb/v7-m/nofp\libc_nano.a(libc_a-findfp.o)
 .text.__sfp_lock_acquire
                0x000000000800c3a4        0xc E:/program/STM32CubeIDE_1.13.0/STM32CubeIDE/plugins/com.st.stm32cube.ide.mcu.externaltools.gnu-tools-for-stm32.11.3.rel1.win32_1.1.0.202305231506/tools/bin/../lib/gcc/arm-none-eabi/11.3.1/../../../../arm-none-eabi/lib/thumb/v7-m/nofp\libc_nano.a(libc_a-findfp.o)
                0x000000000800c3a4                __sfp_lock_acquire
 .text.__sfp_lock_release
                0x000000000800c3b0        0xc E:/program/STM32CubeIDE_1.13.0/STM32CubeIDE/plugins/com.st.stm32cube.ide.mcu.externaltools.gnu-tools-for-stm32.11.3.rel1.win32_1.1.0.202305231506/tools/bin/../lib/gcc/arm-none-eabi/11.3.1/../../../../arm-none-eabi/lib/thumb/v7-m/nofp\libc_nano.a(libc_a-findfp.o)
                0x000000000800c3b0                __sfp_lock_release
 .text.__sinit  0x000000000800c3bc       0x30 E:/program/STM32CubeIDE_1.13.0/STM32CubeIDE/plugins/com.st.stm32cube.ide.mcu.externaltools.gnu-tools-for-stm32.11.3.rel1.win32_1.1.0.202305231506/tools/bin/../lib/gcc/arm-none-eabi/11.3.1/../../../../arm-none-eabi/lib/thumb/v7-m/nofp\libc_nano.a(libc_a-findfp.o)
                0x000000000800c3bc                __sinit
 .text._fwalk_sglue
                0x000000000800c3ec       0x3c E:/program/STM32CubeIDE_1.13.0/STM32CubeIDE/plugins/com.st.stm32cube.ide.mcu.externaltools.gnu-tools-for-stm32.11.3.rel1.win32_1.1.0.202305231506/tools/bin/../lib/gcc/arm-none-eabi/11.3.1/../../../../arm-none-eabi/lib/thumb/v7-m/nofp\libc_nano.a(libc_a-fwalk.o)
                0x000000000800c3ec                _fwalk_sglue
 .text.printf   0x000000000800c428       0x24 E:/program/STM32CubeIDE_1.13.0/STM32CubeIDE/plugins/com.st.stm32cube.ide.mcu.externaltools.gnu-tools-for-stm32.11.3.rel1.win32_1.1.0.202305231506/tools/bin/../lib/gcc/arm-none-eabi/11.3.1/../../../../arm-none-eabi/lib/thumb/v7-m/nofp\libc_nano.a(libc_a-printf.o)
                0x000000000800c428                iprintf
                0x000000000800c428                printf
 .text._puts_r  0x000000000800c44c       0xa8 E:/program/STM32CubeIDE_1.13.0/STM32CubeIDE/plugins/com.st.stm32cube.ide.mcu.externaltools.gnu-tools-for-stm32.11.3.rel1.win32_1.1.0.202305231506/tools/bin/../lib/gcc/arm-none-eabi/11.3.1/../../../../arm-none-eabi/lib/thumb/v7-m/nofp\libc_nano.a(libc_a-puts.o)
                0x000000000800c44c                _puts_r
 .text.puts     0x000000000800c4f4       0x10 E:/program/STM32CubeIDE_1.13.0/STM32CubeIDE/plugins/com.st.stm32cube.ide.mcu.externaltools.gnu-tools-for-stm32.11.3.rel1.win32_1.1.0.202305231506/tools/bin/../lib/gcc/arm-none-eabi/11.3.1/../../../../arm-none-eabi/lib/thumb/v7-m/nofp\libc_nano.a(libc_a-puts.o)
                0x000000000800c4f4                puts
 .text.sprintf  0x000000000800c504       0x40 E:/program/STM32CubeIDE_1.13.0/STM32CubeIDE/plugins/com.st.stm32cube.ide.mcu.externaltools.gnu-tools-for-stm32.11.3.rel1.win32_1.1.0.202305231506/tools/bin/../lib/gcc/arm-none-eabi/11.3.1/../../../../arm-none-eabi/lib/thumb/v7-m/nofp\libc_nano.a(libc_a-sprintf.o)
                0x000000000800c504                siprintf
                0x000000000800c504                sprintf
 .text.__sread  0x000000000800c544       0x22 E:/program/STM32CubeIDE_1.13.0/STM32CubeIDE/plugins/com.st.stm32cube.ide.mcu.externaltools.gnu-tools-for-stm32.11.3.rel1.win32_1.1.0.202305231506/tools/bin/../lib/gcc/arm-none-eabi/11.3.1/../../../../arm-none-eabi/lib/thumb/v7-m/nofp\libc_nano.a(libc_a-stdio.o)
                0x000000000800c544                __sread
 .text.__swrite
                0x000000000800c566       0x38 E:/program/STM32CubeIDE_1.13.0/STM32CubeIDE/plugins/com.st.stm32cube.ide.mcu.externaltools.gnu-tools-for-stm32.11.3.rel1.win32_1.1.0.202305231506/tools/bin/../lib/gcc/arm-none-eabi/11.3.1/../../../../arm-none-eabi/lib/thumb/v7-m/nofp\libc_nano.a(libc_a-stdio.o)
                0x000000000800c566                __swrite
 .text.__sseek  0x000000000800c59e       0x24 E:/program/STM32CubeIDE_1.13.0/STM32CubeIDE/plugins/com.st.stm32cube.ide.mcu.externaltools.gnu-tools-for-stm32.11.3.rel1.win32_1.1.0.202305231506/tools/bin/../lib/gcc/arm-none-eabi/11.3.1/../../../../arm-none-eabi/lib/thumb/v7-m/nofp\libc_nano.a(libc_a-stdio.o)
                0x000000000800c59e                __sseek
 .text.__sclose
                0x000000000800c5c2        0x8 E:/program/STM32CubeIDE_1.13.0/STM32CubeIDE/plugins/com.st.stm32cube.ide.mcu.externaltools.gnu-tools-for-stm32.11.3.rel1.win32_1.1.0.202305231506/tools/bin/../lib/gcc/arm-none-eabi/11.3.1/../../../../arm-none-eabi/lib/thumb/v7-m/nofp\libc_nano.a(libc_a-stdio.o)
                0x000000000800c5c2                __sclose
 .text.__swbuf_r
                0x000000000800c5ca       0x7a E:/program/STM32CubeIDE_1.13.0/STM32CubeIDE/plugins/com.st.stm32cube.ide.mcu.externaltools.gnu-tools-for-stm32.11.3.rel1.win32_1.1.0.202305231506/tools/bin/../lib/gcc/arm-none-eabi/11.3.1/../../../../arm-none-eabi/lib/thumb/v7-m/nofp\libc_nano.a(libc_a-wbuf.o)
                0x000000000800c5ca                __swbuf_r
 .text.__swsetup_r
                0x000000000800c644       0xb0 E:/program/STM32CubeIDE_1.13.0/STM32CubeIDE/plugins/com.st.stm32cube.ide.mcu.externaltools.gnu-tools-for-stm32.11.3.rel1.win32_1.1.0.202305231506/tools/bin/../lib/gcc/arm-none-eabi/11.3.1/../../../../arm-none-eabi/lib/thumb/v7-m/nofp\libc_nano.a(libc_a-wsetup.o)
                0x000000000800c644                __swsetup_r
 .text.memset   0x000000000800c6f4       0x10 E:/program/STM32CubeIDE_1.13.0/STM32CubeIDE/plugins/com.st.stm32cube.ide.mcu.externaltools.gnu-tools-for-stm32.11.3.rel1.win32_1.1.0.202305231506/tools/bin/../lib/gcc/arm-none-eabi/11.3.1/../../../../arm-none-eabi/lib/thumb/v7-m/nofp\libc_nano.a(libc_a-memset.o)
                0x000000000800c6f4                memset
 .text._localeconv_r
                0x000000000800c704        0x8 E:/program/STM32CubeIDE_1.13.0/STM32CubeIDE/plugins/com.st.stm32cube.ide.mcu.externaltools.gnu-tools-for-stm32.11.3.rel1.win32_1.1.0.202305231506/tools/bin/../lib/gcc/arm-none-eabi/11.3.1/../../../../arm-none-eabi/lib/thumb/v7-m/nofp\libc_nano.a(libc_a-localeconv.o)
                0x000000000800c704                _localeconv_r
 .text._close_r
                0x000000000800c70c       0x20 E:/program/STM32CubeIDE_1.13.0/STM32CubeIDE/plugins/com.st.stm32cube.ide.mcu.externaltools.gnu-tools-for-stm32.11.3.rel1.win32_1.1.0.202305231506/tools/bin/../lib/gcc/arm-none-eabi/11.3.1/../../../../arm-none-eabi/lib/thumb/v7-m/nofp\libc_nano.a(libc_a-closer.o)
                0x000000000800c70c                _close_r
 .text._lseek_r
                0x000000000800c72c       0x24 E:/program/STM32CubeIDE_1.13.0/STM32CubeIDE/plugins/com.st.stm32cube.ide.mcu.externaltools.gnu-tools-for-stm32.11.3.rel1.win32_1.1.0.202305231506/tools/bin/../lib/gcc/arm-none-eabi/11.3.1/../../../../arm-none-eabi/lib/thumb/v7-m/nofp\libc_nano.a(libc_a-lseekr.o)
                0x000000000800c72c                _lseek_r
 .text._read_r  0x000000000800c750       0x24 E:/program/STM32CubeIDE_1.13.0/STM32CubeIDE/plugins/com.st.stm32cube.ide.mcu.externaltools.gnu-tools-for-stm32.11.3.rel1.win32_1.1.0.202305231506/tools/bin/../lib/gcc/arm-none-eabi/11.3.1/../../../../arm-none-eabi/lib/thumb/v7-m/nofp\libc_nano.a(libc_a-readr.o)
                0x000000000800c750                _read_r
 .text._write_r
                0x000000000800c774       0x24 E:/program/STM32CubeIDE_1.13.0/STM32CubeIDE/plugins/com.st.stm32cube.ide.mcu.externaltools.gnu-tools-for-stm32.11.3.rel1.win32_1.1.0.202305231506/tools/bin/../lib/gcc/arm-none-eabi/11.3.1/../../../../arm-none-eabi/lib/thumb/v7-m/nofp\libc_nano.a(libc_a-writer.o)
                0x000000000800c774                _write_r
 .text.__errno  0x000000000800c798        0xc E:/program/STM32CubeIDE_1.13.0/STM32CubeIDE/plugins/com.st.stm32cube.ide.mcu.externaltools.gnu-tools-for-stm32.11.3.rel1.win32_1.1.0.202305231506/tools/bin/../lib/gcc/arm-none-eabi/11.3.1/../../../../arm-none-eabi/lib/thumb/v7-m/nofp\libc_nano.a(libc_a-errno.o)
                0x000000000800c798                __errno
 .text.__libc_init_array
                0x000000000800c7a4       0x48 E:/program/STM32CubeIDE_1.13.0/STM32CubeIDE/plugins/com.st.stm32cube.ide.mcu.externaltools.gnu-tools-for-stm32.11.3.rel1.win32_1.1.0.202305231506/tools/bin/../lib/gcc/arm-none-eabi/11.3.1/../../../../arm-none-eabi/lib/thumb/v7-m/nofp\libc_nano.a(libc_a-init.o)
                0x000000000800c7a4                __libc_init_array
 .text.__retarget_lock_acquire_recursive
                0x000000000800c7ec        0x2 E:/program/STM32CubeIDE_1.13.0/STM32CubeIDE/plugins/com.st.stm32cube.ide.mcu.externaltools.gnu-tools-for-stm32.11.3.rel1.win32_1.1.0.202305231506/tools/bin/../lib/gcc/arm-none-eabi/11.3.1/../../../../arm-none-eabi/lib/thumb/v7-m/nofp\libc_nano.a(libc_a-lock.o)
                0x000000000800c7ec                __retarget_lock_acquire_recursive
 .text.__retarget_lock_release_recursive
                0x000000000800c7ee        0x2 E:/program/STM32CubeIDE_1.13.0/STM32CubeIDE/plugins/com.st.stm32cube.ide.mcu.externaltools.gnu-tools-for-stm32.11.3.rel1.win32_1.1.0.202305231506/tools/bin/../lib/gcc/arm-none-eabi/11.3.1/../../../../arm-none-eabi/lib/thumb/v7-m/nofp\libc_nano.a(libc_a-lock.o)
                0x000000000800c7ee                __retarget_lock_release_recursive
 .text.memchr   0x000000000800c7f0       0x1c E:/program/STM32CubeIDE_1.13.0/STM32CubeIDE/plugins/com.st.stm32cube.ide.mcu.externaltools.gnu-tools-for-stm32.11.3.rel1.win32_1.1.0.202305231506/tools/bin/../lib/gcc/arm-none-eabi/11.3.1/../../../../arm-none-eabi/lib/thumb/v7-m/nofp\libc_nano.a(libc_a-memchr-stub.o)
                0x000000000800c7f0                memchr
 .text.memcpy   0x000000000800c80c       0x1c E:/program/STM32CubeIDE_1.13.0/STM32CubeIDE/plugins/com.st.stm32cube.ide.mcu.externaltools.gnu-tools-for-stm32.11.3.rel1.win32_1.1.0.202305231506/tools/bin/../lib/gcc/arm-none-eabi/11.3.1/../../../../arm-none-eabi/lib/thumb/v7-m/nofp\libc_nano.a(libc_a-memcpy-stub.o)
                0x000000000800c80c                memcpy
 .text.nanf     0x000000000800c828        0x8 E:/program/STM32CubeIDE_1.13.0/STM32CubeIDE/plugins/com.st.stm32cube.ide.mcu.externaltools.gnu-tools-for-stm32.11.3.rel1.win32_1.1.0.202305231506/tools/bin/../lib/gcc/arm-none-eabi/11.3.1/../../../../arm-none-eabi/lib/thumb/v7-m/nofp\libc_nano.a(libm_a-sf_nan.o)
                0x000000000800c828                nanf
 .text.quorem   0x000000000800c830      0x112 E:/program/STM32CubeIDE_1.13.0/STM32CubeIDE/plugins/com.st.stm32cube.ide.mcu.externaltools.gnu-tools-for-stm32.11.3.rel1.win32_1.1.0.202305231506/tools/bin/../lib/gcc/arm-none-eabi/11.3.1/../../../../arm-none-eabi/lib/thumb/v7-m/nofp\libc_nano.a(libc_a-dtoa.o)
 *fill*         0x000000000800c942        0x6 
 .text._dtoa_r  0x000000000800c948      0xbc8 E:/program/STM32CubeIDE_1.13.0/STM32CubeIDE/plugins/com.st.stm32cube.ide.mcu.externaltools.gnu-tools-for-stm32.11.3.rel1.win32_1.1.0.202305231506/tools/bin/../lib/gcc/arm-none-eabi/11.3.1/../../../../arm-none-eabi/lib/thumb/v7-m/nofp\libc_nano.a(libc_a-dtoa.o)
                0x000000000800c948                _dtoa_r
 .text._free_r  0x000000000800d510       0x90 E:/program/STM32CubeIDE_1.13.0/STM32CubeIDE/plugins/com.st.stm32cube.ide.mcu.externaltools.gnu-tools-for-stm32.11.3.rel1.win32_1.1.0.202305231506/tools/bin/../lib/gcc/arm-none-eabi/11.3.1/../../../../arm-none-eabi/lib/thumb/v7-m/nofp\libc_nano.a(libc_a-freer.o)
                0x000000000800d510                _free_r
 .text.malloc   0x000000000800d5a0       0x10 E:/program/STM32CubeIDE_1.13.0/STM32CubeIDE/plugins/com.st.stm32cube.ide.mcu.externaltools.gnu-tools-for-stm32.11.3.rel1.win32_1.1.0.202305231506/tools/bin/../lib/gcc/arm-none-eabi/11.3.1/../../../../arm-none-eabi/lib/thumb/v7-m/nofp\libc_nano.a(libc_a-malloc.o)
                0x000000000800d5a0                malloc
 .text.sbrk_aligned
                0x000000000800d5b0       0x40 E:/program/STM32CubeIDE_1.13.0/STM32CubeIDE/plugins/com.st.stm32cube.ide.mcu.externaltools.gnu-tools-for-stm32.11.3.rel1.win32_1.1.0.202305231506/tools/bin/../lib/gcc/arm-none-eabi/11.3.1/../../../../arm-none-eabi/lib/thumb/v7-m/nofp\libc_nano.a(libc_a-mallocr.o)
 .text._malloc_r
                0x000000000800d5f0      0x100 E:/program/STM32CubeIDE_1.13.0/STM32CubeIDE/plugins/com.st.stm32cube.ide.mcu.externaltools.gnu-tools-for-stm32.11.3.rel1.win32_1.1.0.202305231506/tools/bin/../lib/gcc/arm-none-eabi/11.3.1/../../../../arm-none-eabi/lib/thumb/v7-m/nofp\libc_nano.a(libc_a-mallocr.o)
                0x000000000800d5f0                _malloc_r
 .text.__malloc_lock
                0x000000000800d6f0        0xc E:/program/STM32CubeIDE_1.13.0/STM32CubeIDE/plugins/com.st.stm32cube.ide.mcu.externaltools.gnu-tools-for-stm32.11.3.rel1.win32_1.1.0.202305231506/tools/bin/../lib/gcc/arm-none-eabi/11.3.1/../../../../arm-none-eabi/lib/thumb/v7-m/nofp\libc_nano.a(libc_a-mlock.o)
                0x000000000800d6f0                __malloc_lock
 .text.__malloc_unlock
                0x000000000800d6fc        0xc E:/program/STM32CubeIDE_1.13.0/STM32CubeIDE/plugins/com.st.stm32cube.ide.mcu.externaltools.gnu-tools-for-stm32.11.3.rel1.win32_1.1.0.202305231506/tools/bin/../lib/gcc/arm-none-eabi/11.3.1/../../../../arm-none-eabi/lib/thumb/v7-m/nofp\libc_nano.a(libc_a-mlock.o)
                0x000000000800d6fc                __malloc_unlock
 .text._Balloc  0x000000000800d708       0x80 E:/program/STM32CubeIDE_1.13.0/STM32CubeIDE/plugins/com.st.stm32cube.ide.mcu.externaltools.gnu-tools-for-stm32.11.3.rel1.win32_1.1.0.202305231506/tools/bin/../lib/gcc/arm-none-eabi/11.3.1/../../../../arm-none-eabi/lib/thumb/v7-m/nofp\libc_nano.a(libc_a-mprec.o)
                0x000000000800d708                _Balloc
 .text._Bfree   0x000000000800d788       0x44 E:/program/STM32CubeIDE_1.13.0/STM32CubeIDE/plugins/com.st.stm32cube.ide.mcu.externaltools.gnu-tools-for-stm32.11.3.rel1.win32_1.1.0.202305231506/tools/bin/../lib/gcc/arm-none-eabi/11.3.1/../../../../arm-none-eabi/lib/thumb/v7-m/nofp\libc_nano.a(libc_a-mprec.o)
                0x000000000800d788                _Bfree
 .text.__multadd
                0x000000000800d7cc       0x8c E:/program/STM32CubeIDE_1.13.0/STM32CubeIDE/plugins/com.st.stm32cube.ide.mcu.externaltools.gnu-tools-for-stm32.11.3.rel1.win32_1.1.0.202305231506/tools/bin/../lib/gcc/arm-none-eabi/11.3.1/../../../../arm-none-eabi/lib/thumb/v7-m/nofp\libc_nano.a(libc_a-mprec.o)
                0x000000000800d7cc                __multadd
 .text.__s2b    0x000000000800d858       0x94 E:/program/STM32CubeIDE_1.13.0/STM32CubeIDE/plugins/com.st.stm32cube.ide.mcu.externaltools.gnu-tools-for-stm32.11.3.rel1.win32_1.1.0.202305231506/tools/bin/../lib/gcc/arm-none-eabi/11.3.1/../../../../arm-none-eabi/lib/thumb/v7-m/nofp\libc_nano.a(libc_a-mprec.o)
                0x000000000800d858                __s2b
 .text.__hi0bits
                0x000000000800d8ec       0x40 E:/program/STM32CubeIDE_1.13.0/STM32CubeIDE/plugins/com.st.stm32cube.ide.mcu.externaltools.gnu-tools-for-stm32.11.3.rel1.win32_1.1.0.202305231506/tools/bin/../lib/gcc/arm-none-eabi/11.3.1/../../../../arm-none-eabi/lib/thumb/v7-m/nofp\libc_nano.a(libc_a-mprec.o)
                0x000000000800d8ec                __hi0bits
 .text.__lo0bits
                0x000000000800d92c       0x5a E:/program/STM32CubeIDE_1.13.0/STM32CubeIDE/plugins/com.st.stm32cube.ide.mcu.externaltools.gnu-tools-for-stm32.11.3.rel1.win32_1.1.0.202305231506/tools/bin/../lib/gcc/arm-none-eabi/11.3.1/../../../../arm-none-eabi/lib/thumb/v7-m/nofp\libc_nano.a(libc_a-mprec.o)
                0x000000000800d92c                __lo0bits
 *fill*         0x000000000800d986        0x2 
 .text.__i2b    0x000000000800d988       0x2c E:/program/STM32CubeIDE_1.13.0/STM32CubeIDE/plugins/com.st.stm32cube.ide.mcu.externaltools.gnu-tools-for-stm32.11.3.rel1.win32_1.1.0.202305231506/tools/bin/../lib/gcc/arm-none-eabi/11.3.1/../../../../arm-none-eabi/lib/thumb/v7-m/nofp\libc_nano.a(libc_a-mprec.o)
                0x000000000800d988                __i2b
 .text.__multiply
                0x000000000800d9b4      0x150 E:/program/STM32CubeIDE_1.13.0/STM32CubeIDE/plugins/com.st.stm32cube.ide.mcu.externaltools.gnu-tools-for-stm32.11.3.rel1.win32_1.1.0.202305231506/tools/bin/../lib/gcc/arm-none-eabi/11.3.1/../../../../arm-none-eabi/lib/thumb/v7-m/nofp\libc_nano.a(libc_a-mprec.o)
                0x000000000800d9b4                __multiply
 .text.__pow5mult
                0x000000000800db04       0xb4 E:/program/STM32CubeIDE_1.13.0/STM32CubeIDE/plugins/com.st.stm32cube.ide.mcu.externaltools.gnu-tools-for-stm32.11.3.rel1.win32_1.1.0.202305231506/tools/bin/../lib/gcc/arm-none-eabi/11.3.1/../../../../arm-none-eabi/lib/thumb/v7-m/nofp\libc_nano.a(libc_a-mprec.o)
                0x000000000800db04                __pow5mult
 .text.__lshift
                0x000000000800dbb8       0xd8 E:/program/STM32CubeIDE_1.13.0/STM32CubeIDE/plugins/com.st.stm32cube.ide.mcu.externaltools.gnu-tools-for-stm32.11.3.rel1.win32_1.1.0.202305231506/tools/bin/../lib/gcc/arm-none-eabi/11.3.1/../../../../arm-none-eabi/lib/thumb/v7-m/nofp\libc_nano.a(libc_a-mprec.o)
                0x000000000800dbb8                __lshift
 .text.__mcmp   0x000000000800dc90       0x36 E:/program/STM32CubeIDE_1.13.0/STM32CubeIDE/plugins/com.st.stm32cube.ide.mcu.externaltools.gnu-tools-for-stm32.11.3.rel1.win32_1.1.0.202305231506/tools/bin/../lib/gcc/arm-none-eabi/11.3.1/../../../../arm-none-eabi/lib/thumb/v7-m/nofp\libc_nano.a(libc_a-mprec.o)
                0x000000000800dc90                __mcmp
 *fill*         0x000000000800dcc6        0x2 
 .text.__mdiff  0x000000000800dcc8      0x118 E:/program/STM32CubeIDE_1.13.0/STM32CubeIDE/plugins/com.st.stm32cube.ide.mcu.externaltools.gnu-tools-for-stm32.11.3.rel1.win32_1.1.0.202305231506/tools/bin/../lib/gcc/arm-none-eabi/11.3.1/../../../../arm-none-eabi/lib/thumb/v7-m/nofp\libc_nano.a(libc_a-mprec.o)
                0x000000000800dcc8                __mdiff
 .text.__ulp    0x000000000800dde0       0x40 E:/program/STM32CubeIDE_1.13.0/STM32CubeIDE/plugins/com.st.stm32cube.ide.mcu.externaltools.gnu-tools-for-stm32.11.3.rel1.win32_1.1.0.202305231506/tools/bin/../lib/gcc/arm-none-eabi/11.3.1/../../../../arm-none-eabi/lib/thumb/v7-m/nofp\libc_nano.a(libc_a-mprec.o)
                0x000000000800dde0                __ulp
 .text.__b2d    0x000000000800de20       0x90 E:/program/STM32CubeIDE_1.13.0/STM32CubeIDE/plugins/com.st.stm32cube.ide.mcu.externaltools.gnu-tools-for-stm32.11.3.rel1.win32_1.1.0.202305231506/tools/bin/../lib/gcc/arm-none-eabi/11.3.1/../../../../arm-none-eabi/lib/thumb/v7-m/nofp\libc_nano.a(libc_a-mprec.o)
                0x000000000800de20                __b2d
 .text.__d2b    0x000000000800deb0       0xac E:/program/STM32CubeIDE_1.13.0/STM32CubeIDE/plugins/com.st.stm32cube.ide.mcu.externaltools.gnu-tools-for-stm32.11.3.rel1.win32_1.1.0.202305231506/tools/bin/../lib/gcc/arm-none-eabi/11.3.1/../../../../arm-none-eabi/lib/thumb/v7-m/nofp\libc_nano.a(libc_a-mprec.o)
                0x000000000800deb0                __d2b
 .text.__ratio  0x000000000800df5c       0x5c E:/program/STM32CubeIDE_1.13.0/STM32CubeIDE/plugins/com.st.stm32cube.ide.mcu.externaltools.gnu-tools-for-stm32.11.3.rel1.win32_1.1.0.202305231506/tools/bin/../lib/gcc/arm-none-eabi/11.3.1/../../../../arm-none-eabi/lib/thumb/v7-m/nofp\libc_nano.a(libc_a-mprec.o)
                0x000000000800df5c                __ratio
 .text.__copybits
                0x000000000800dfb8       0x46 E:/program/STM32CubeIDE_1.13.0/STM32CubeIDE/plugins/com.st.stm32cube.ide.mcu.externaltools.gnu-tools-for-stm32.11.3.rel1.win32_1.1.0.202305231506/tools/bin/../lib/gcc/arm-none-eabi/11.3.1/../../../../arm-none-eabi/lib/thumb/v7-m/nofp\libc_nano.a(libc_a-mprec.o)
                0x000000000800dfb8                __copybits
 .text.__any_on
                0x000000000800dffe       0x42 E:/program/STM32CubeIDE_1.13.0/STM32CubeIDE/plugins/com.st.stm32cube.ide.mcu.externaltools.gnu-tools-for-stm32.11.3.rel1.win32_1.1.0.202305231506/tools/bin/../lib/gcc/arm-none-eabi/11.3.1/../../../../arm-none-eabi/lib/thumb/v7-m/nofp\libc_nano.a(libc_a-mprec.o)
                0x000000000800dffe                __any_on
 .text.sulp     0x000000000800e040       0x42 E:/program/STM32CubeIDE_1.13.0/STM32CubeIDE/plugins/com.st.stm32cube.ide.mcu.externaltools.gnu-tools-for-stm32.11.3.rel1.win32_1.1.0.202305231506/tools/bin/../lib/gcc/arm-none-eabi/11.3.1/../../../../arm-none-eabi/lib/thumb/v7-m/nofp\libc_nano.a(libc_a-strtod.o)
 *fill*         0x000000000800e082        0x6 
 .text._strtod_l
                0x000000000800e088      0xbe8 E:/program/STM32CubeIDE_1.13.0/STM32CubeIDE/plugins/com.st.stm32cube.ide.mcu.externaltools.gnu-tools-for-stm32.11.3.rel1.win32_1.1.0.202305231506/tools/bin/../lib/gcc/arm-none-eabi/11.3.1/../../../../arm-none-eabi/lib/thumb/v7-m/nofp\libc_nano.a(libc_a-strtod.o)
                0x000000000800e088                _strtod_l
 .text._strtod_r
                0x000000000800ec70        0xc E:/program/STM32CubeIDE_1.13.0/STM32CubeIDE/plugins/com.st.stm32cube.ide.mcu.externaltools.gnu-tools-for-stm32.11.3.rel1.win32_1.1.0.202305231506/tools/bin/../lib/gcc/arm-none-eabi/11.3.1/../../../../arm-none-eabi/lib/thumb/v7-m/nofp\libc_nano.a(libc_a-strtod.o)
                0x000000000800ec70                _strtod_r
 .text._strtol_l.constprop.0
                0x000000000800ec7c       0xfc E:/program/STM32CubeIDE_1.13.0/STM32CubeIDE/plugins/com.st.stm32cube.ide.mcu.externaltools.gnu-tools-for-stm32.11.3.rel1.win32_1.1.0.202305231506/tools/bin/../lib/gcc/arm-none-eabi/11.3.1/../../../../arm-none-eabi/lib/thumb/v7-m/nofp\libc_nano.a(libc_a-strtol.o)
 .text._strtol_r
                0x000000000800ed78        0x4 E:/program/STM32CubeIDE_1.13.0/STM32CubeIDE/plugins/com.st.stm32cube.ide.mcu.externaltools.gnu-tools-for-stm32.11.3.rel1.win32_1.1.0.202305231506/tools/bin/../lib/gcc/arm-none-eabi/11.3.1/../../../../arm-none-eabi/lib/thumb/v7-m/nofp\libc_nano.a(libc_a-strtol.o)
                0x000000000800ed78                _strtol_r
 .text.__ssputs_r
                0x000000000800ed7c       0xb4 E:/program/STM32CubeIDE_1.13.0/STM32CubeIDE/plugins/com.st.stm32cube.ide.mcu.externaltools.gnu-tools-for-stm32.11.3.rel1.win32_1.1.0.202305231506/tools/bin/../lib/gcc/arm-none-eabi/11.3.1/../../../../arm-none-eabi/lib/thumb/v7-m/nofp\libc_nano.a(libc_a-nano-svfprintf.o)
                0x000000000800ed7c                __ssputs_r
 .text._svfprintf_r
                0x000000000800ee30      0x1fc E:/program/STM32CubeIDE_1.13.0/STM32CubeIDE/plugins/com.st.stm32cube.ide.mcu.externaltools.gnu-tools-for-stm32.11.3.rel1.win32_1.1.0.202305231506/tools/bin/../lib/gcc/arm-none-eabi/11.3.1/../../../../arm-none-eabi/lib/thumb/v7-m/nofp\libc_nano.a(libc_a-nano-svfprintf.o)
                0x000000000800ee30                _svfiprintf_r
                0x000000000800ee30                _svfprintf_r
 .text.__sfputc_r
                0x000000000800f02c       0x2a E:/program/STM32CubeIDE_1.13.0/STM32CubeIDE/plugins/com.st.stm32cube.ide.mcu.externaltools.gnu-tools-for-stm32.11.3.rel1.win32_1.1.0.202305231506/tools/bin/../lib/gcc/arm-none-eabi/11.3.1/../../../../arm-none-eabi/lib/thumb/v7-m/nofp\libc_nano.a(libc_a-nano-vfprintf.o)
 .text.__sfputs_r
                0x000000000800f056       0x24 E:/program/STM32CubeIDE_1.13.0/STM32CubeIDE/plugins/com.st.stm32cube.ide.mcu.externaltools.gnu-tools-for-stm32.11.3.rel1.win32_1.1.0.202305231506/tools/bin/../lib/gcc/arm-none-eabi/11.3.1/../../../../arm-none-eabi/lib/thumb/v7-m/nofp\libc_nano.a(libc_a-nano-vfprintf.o)
                0x000000000800f056                __sfputs_r
 *fill*         0x000000000800f07a        0x2 
 .text._vfprintf_r
                0x000000000800f07c      0x234 E:/program/STM32CubeIDE_1.13.0/STM32CubeIDE/plugins/com.st.stm32cube.ide.mcu.externaltools.gnu-tools-for-stm32.11.3.rel1.win32_1.1.0.202305231506/tools/bin/../lib/gcc/arm-none-eabi/11.3.1/../../../../arm-none-eabi/lib/thumb/v7-m/nofp\libc_nano.a(libc_a-nano-vfprintf.o)
                0x000000000800f07c                _vfprintf_r
                0x000000000800f07c                _vfiprintf_r
 .text.__sflush_r
                0x000000000800f2b0      0x104 E:/program/STM32CubeIDE_1.13.0/STM32CubeIDE/plugins/com.st.stm32cube.ide.mcu.externaltools.gnu-tools-for-stm32.11.3.rel1.win32_1.1.0.202305231506/tools/bin/../lib/gcc/arm-none-eabi/11.3.1/../../../../arm-none-eabi/lib/thumb/v7-m/nofp\libc_nano.a(libc_a-fflush.o)
                0x000000000800f2b0                __sflush_r
 .text._fflush_r
                0x000000000800f3b4       0x50 E:/program/STM32CubeIDE_1.13.0/STM32CubeIDE/plugins/com.st.stm32cube.ide.mcu.externaltools.gnu-tools-for-stm32.11.3.rel1.win32_1.1.0.202305231506/tools/bin/../lib/gcc/arm-none-eabi/11.3.1/../../../../arm-none-eabi/lib/thumb/v7-m/nofp\libc_nano.a(libc_a-fflush.o)
                0x000000000800f3b4                _fflush_r
 .text.__swhatbuf_r
                0x000000000800f404       0x4a E:/program/STM32CubeIDE_1.13.0/STM32CubeIDE/plugins/com.st.stm32cube.ide.mcu.externaltools.gnu-tools-for-stm32.11.3.rel1.win32_1.1.0.202305231506/tools/bin/../lib/gcc/arm-none-eabi/11.3.1/../../../../arm-none-eabi/lib/thumb/v7-m/nofp\libc_nano.a(libc_a-makebuf.o)
                0x000000000800f404                __swhatbuf_r
 .text.__smakebuf_r
                0x000000000800f44e       0x78 E:/program/STM32CubeIDE_1.13.0/STM32CubeIDE/plugins/com.st.stm32cube.ide.mcu.externaltools.gnu-tools-for-stm32.11.3.rel1.win32_1.1.0.202305231506/tools/bin/../lib/gcc/arm-none-eabi/11.3.1/../../../../arm-none-eabi/lib/thumb/v7-m/nofp\libc_nano.a(libc_a-makebuf.o)
                0x000000000800f44e                __smakebuf_r
 .text.memmove  0x000000000800f4c6       0x34 E:/program/STM32CubeIDE_1.13.0/STM32CubeIDE/plugins/com.st.stm32cube.ide.mcu.externaltools.gnu-tools-for-stm32.11.3.rel1.win32_1.1.0.202305231506/tools/bin/../lib/gcc/arm-none-eabi/11.3.1/../../../../arm-none-eabi/lib/thumb/v7-m/nofp\libc_nano.a(libc_a-memmove.o)
                0x000000000800f4c6                memmove
 .text.strncmp  0x000000000800f4fa       0x24 E:/program/STM32CubeIDE_1.13.0/STM32CubeIDE/plugins/com.st.stm32cube.ide.mcu.externaltools.gnu-tools-for-stm32.11.3.rel1.win32_1.1.0.202305231506/tools/bin/../lib/gcc/arm-none-eabi/11.3.1/../../../../arm-none-eabi/lib/thumb/v7-m/nofp\libc_nano.a(libc_a-strncmp.o)
                0x000000000800f4fa                strncmp
 *fill*         0x000000000800f51e        0x2 
 .text._fstat_r
                0x000000000800f520       0x24 E:/program/STM32CubeIDE_1.13.0/STM32CubeIDE/plugins/com.st.stm32cube.ide.mcu.externaltools.gnu-tools-for-stm32.11.3.rel1.win32_1.1.0.202305231506/tools/bin/../lib/gcc/arm-none-eabi/11.3.1/../../../../arm-none-eabi/lib/thumb/v7-m/nofp\libc_nano.a(libc_a-fstatr.o)
                0x000000000800f520                _fstat_r
 .text._isatty_r
                0x000000000800f544       0x20 E:/program/STM32CubeIDE_1.13.0/STM32CubeIDE/plugins/com.st.stm32cube.ide.mcu.externaltools.gnu-tools-for-stm32.11.3.rel1.win32_1.1.0.202305231506/tools/bin/../lib/gcc/arm-none-eabi/11.3.1/../../../../arm-none-eabi/lib/thumb/v7-m/nofp\libc_nano.a(libc_a-isattyr.o)
                0x000000000800f544                _isatty_r
 .text._sbrk_r  0x000000000800f564       0x20 E:/program/STM32CubeIDE_1.13.0/STM32CubeIDE/plugins/com.st.stm32cube.ide.mcu.externaltools.gnu-tools-for-stm32.11.3.rel1.win32_1.1.0.202305231506/tools/bin/../lib/gcc/arm-none-eabi/11.3.1/../../../../arm-none-eabi/lib/thumb/v7-m/nofp\libc_nano.a(libc_a-sbrkr.o)
                0x000000000800f564                _sbrk_r
 .text.nan      0x000000000800f584        0xc E:/program/STM32CubeIDE_1.13.0/STM32CubeIDE/plugins/com.st.stm32cube.ide.mcu.externaltools.gnu-tools-for-stm32.11.3.rel1.win32_1.1.0.202305231506/tools/bin/../lib/gcc/arm-none-eabi/11.3.1/../../../../arm-none-eabi/lib/thumb/v7-m/nofp\libc_nano.a(libm_a-s_nan.o)
                0x000000000800f584                nan
 .text.__assert_func
                0x000000000800f590       0x3c E:/program/STM32CubeIDE_1.13.0/STM32CubeIDE/plugins/com.st.stm32cube.ide.mcu.externaltools.gnu-tools-for-stm32.11.3.rel1.win32_1.1.0.202305231506/tools/bin/../lib/gcc/arm-none-eabi/11.3.1/../../../../arm-none-eabi/lib/thumb/v7-m/nofp\libc_nano.a(libc_a-assert.o)
                0x000000000800f590                __assert_func
 .text._calloc_r
                0x000000000800f5cc       0x28 E:/program/STM32CubeIDE_1.13.0/STM32CubeIDE/plugins/com.st.stm32cube.ide.mcu.externaltools.gnu-tools-for-stm32.11.3.rel1.win32_1.1.0.202305231506/tools/bin/../lib/gcc/arm-none-eabi/11.3.1/../../../../arm-none-eabi/lib/thumb/v7-m/nofp\libc_nano.a(libc_a-callocr.o)
                0x000000000800f5cc                _calloc_r
 .text.rshift   0x000000000800f5f4       0xa6 E:/program/STM32CubeIDE_1.13.0/STM32CubeIDE/plugins/com.st.stm32cube.ide.mcu.externaltools.gnu-tools-for-stm32.11.3.rel1.win32_1.1.0.202305231506/tools/bin/../lib/gcc/arm-none-eabi/11.3.1/../../../../arm-none-eabi/lib/thumb/v7-m/nofp\libc_nano.a(libc_a-gdtoa-gethex.o)
 .text.__hexdig_fun
                0x000000000800f69a       0x2a E:/program/STM32CubeIDE_1.13.0/STM32CubeIDE/plugins/com.st.stm32cube.ide.mcu.externaltools.gnu-tools-for-stm32.11.3.rel1.win32_1.1.0.202305231506/tools/bin/../lib/gcc/arm-none-eabi/11.3.1/../../../../arm-none-eabi/lib/thumb/v7-m/nofp\libc_nano.a(libc_a-gdtoa-gethex.o)
                0x000000000800f69a                __hexdig_fun
 .text.__gethex
                0x000000000800f6c4      0x460 E:/program/STM32CubeIDE_1.13.0/STM32CubeIDE/plugins/com.st.stm32cube.ide.mcu.externaltools.gnu-tools-for-stm32.11.3.rel1.win32_1.1.0.202305231506/tools/bin/../lib/gcc/arm-none-eabi/11.3.1/../../../../arm-none-eabi/lib/thumb/v7-m/nofp\libc_nano.a(libc_a-gdtoa-gethex.o)
                0x000000000800f6c4                __gethex
 .text.L_shift  0x000000000800fb24       0x24 E:/program/STM32CubeIDE_1.13.0/STM32CubeIDE/plugins/com.st.stm32cube.ide.mcu.externaltools.gnu-tools-for-stm32.11.3.rel1.win32_1.1.0.202305231506/tools/bin/../lib/gcc/arm-none-eabi/11.3.1/../../../../arm-none-eabi/lib/thumb/v7-m/nofp\libc_nano.a(libc_a-gdtoa-hexnan.o)
 .text.__match  0x000000000800fb48       0x28 E:/program/STM32CubeIDE_1.13.0/STM32CubeIDE/plugins/com.st.stm32cube.ide.mcu.externaltools.gnu-tools-for-stm32.11.3.rel1.win32_1.1.0.202305231506/tools/bin/../lib/gcc/arm-none-eabi/11.3.1/../../../../arm-none-eabi/lib/thumb/v7-m/nofp\libc_nano.a(libc_a-gdtoa-hexnan.o)
                0x000000000800fb48                __match
 .text.__hexnan
                0x000000000800fb70      0x136 E:/program/STM32CubeIDE_1.13.0/STM32CubeIDE/plugins/com.st.stm32cube.ide.mcu.externaltools.gnu-tools-for-stm32.11.3.rel1.win32_1.1.0.202305231506/tools/bin/../lib/gcc/arm-none-eabi/11.3.1/../../../../arm-none-eabi/lib/thumb/v7-m/nofp\libc_nano.a(libc_a-gdtoa-hexnan.o)
                0x000000000800fb70                __hexnan
 .text.__ascii_mbtowc
                0x000000000800fca6       0x24 E:/program/STM32CubeIDE_1.13.0/STM32CubeIDE/plugins/com.st.stm32cube.ide.mcu.externaltools.gnu-tools-for-stm32.11.3.rel1.win32_1.1.0.202305231506/tools/bin/../lib/gcc/arm-none-eabi/11.3.1/../../../../arm-none-eabi/lib/thumb/v7-m/nofp\libc_nano.a(libc_a-mbtowc_r.o)
                0x000000000800fca6                __ascii_mbtowc
 .text._realloc_r
                0x000000000800fcca       0x5e E:/program/STM32CubeIDE_1.13.0/STM32CubeIDE/plugins/com.st.stm32cube.ide.mcu.externaltools.gnu-tools-for-stm32.11.3.rel1.win32_1.1.0.202305231506/tools/bin/../lib/gcc/arm-none-eabi/11.3.1/../../../../arm-none-eabi/lib/thumb/v7-m/nofp\libc_nano.a(libc_a-reallocr.o)
                0x000000000800fcca                _realloc_r
 .text.__ascii_wctomb
                0x000000000800fd28       0x1a E:/program/STM32CubeIDE_1.13.0/STM32CubeIDE/plugins/com.st.stm32cube.ide.mcu.externaltools.gnu-tools-for-stm32.11.3.rel1.win32_1.1.0.202305231506/tools/bin/../lib/gcc/arm-none-eabi/11.3.1/../../../../arm-none-eabi/lib/thumb/v7-m/nofp\libc_nano.a(libc_a-wctomb_r.o)
                0x000000000800fd28                __ascii_wctomb
 *fill*         0x000000000800fd42        0x2 
 .text.fprintf  0x000000000800fd44       0x24 E:/program/STM32CubeIDE_1.13.0/STM32CubeIDE/plugins/com.st.stm32cube.ide.mcu.externaltools.gnu-tools-for-stm32.11.3.rel1.win32_1.1.0.202305231506/tools/bin/../lib/gcc/arm-none-eabi/11.3.1/../../../../arm-none-eabi/lib/thumb/v7-m/nofp\libc_nano.a(libc_a-fprintf.o)
                0x000000000800fd44                fiprintf
                0x000000000800fd44                fprintf
 .text.abort    0x000000000800fd68        0xe E:/program/STM32CubeIDE_1.13.0/STM32CubeIDE/plugins/com.st.stm32cube.ide.mcu.externaltools.gnu-tools-for-stm32.11.3.rel1.win32_1.1.0.202305231506/tools/bin/../lib/gcc/arm-none-eabi/11.3.1/../../../../arm-none-eabi/lib/thumb/v7-m/nofp\libc_nano.a(libc_a-abort.o)
                0x000000000800fd68                abort
 .text._malloc_usable_size_r
                0x000000000800fd76       0x10 E:/program/STM32CubeIDE_1.13.0/STM32CubeIDE/plugins/com.st.stm32cube.ide.mcu.externaltools.gnu-tools-for-stm32.11.3.rel1.win32_1.1.0.202305231506/tools/bin/../lib/gcc/arm-none-eabi/11.3.1/../../../../arm-none-eabi/lib/thumb/v7-m/nofp\libc_nano.a(libc_a-msizer.o)
                0x000000000800fd76                _malloc_usable_size_r
 .text._raise_r
                0x000000000800fd86       0x50 E:/program/STM32CubeIDE_1.13.0/STM32CubeIDE/plugins/com.st.stm32cube.ide.mcu.externaltools.gnu-tools-for-stm32.11.3.rel1.win32_1.1.0.202305231506/tools/bin/../lib/gcc/arm-none-eabi/11.3.1/../../../../arm-none-eabi/lib/thumb/v7-m/nofp\libc_nano.a(libc_a-signal.o)
                0x000000000800fd86                _raise_r
 *fill*         0x000000000800fdd6        0x2 
 .text.raise    0x000000000800fdd8       0x10 E:/program/STM32CubeIDE_1.13.0/STM32CubeIDE/plugins/com.st.stm32cube.ide.mcu.externaltools.gnu-tools-for-stm32.11.3.rel1.win32_1.1.0.202305231506/tools/bin/../lib/gcc/arm-none-eabi/11.3.1/../../../../arm-none-eabi/lib/thumb/v7-m/nofp\libc_nano.a(libc_a-signal.o)
                0x000000000800fdd8                raise
 .text._kill_r  0x000000000800fde8       0x24 E:/program/STM32CubeIDE_1.13.0/STM32CubeIDE/plugins/com.st.stm32cube.ide.mcu.externaltools.gnu-tools-for-stm32.11.3.rel1.win32_1.1.0.202305231506/tools/bin/../lib/gcc/arm-none-eabi/11.3.1/../../../../arm-none-eabi/lib/thumb/v7-m/nofp\libc_nano.a(libc_a-signalr.o)
                0x000000000800fde8                _kill_r
 .text._getpid_r