../Core/Src/main.c:107:5:_write	24	static
../Core/Src/main.c:113:6:ADC_Select_CH0	24	static
../Core/Src/main.c:124:6:ADC_Select_CH1	24	static
../Core/Src/main.c:134:6:ADC_Select_CH2	24	static
../Core/Src/main.c:147:6:HAL_TIM_IC_CaptureCallback	16	static
../Core/Src/main.c:163:6:markPath	16	static
../Core/Src/main.c:174:5:main	48	static
../Core/Src/main.c:380:6:bam_right	16	static
../Core/Src/main.c:386:6:bam_left	16	static
../Core/Src/main.c:392:6:way_1_left	8	static
../Core/Src/main.c:400:6:way_1_right	8	static
../Core/Src/main.c:408:6:turn_180	8	static
../Core/Src/main.c:412:6:forward	8	static
../Core/Src/main.c:421:6:backward	8	static
../Core/Src/main.c:430:6:turn_right	8	static
../Core/Src/main.c:439:6:turn_left	8	static
../Core/Src/main.c:448:6:turn_right_nolag	8	static
../Core/Src/main.c:457:6:turn_left_nolag	8	static
../Core/Src/main.c:466:6:turn_right90	8	static
../Core/Src/main.c:475:6:turn_left90	8	static
../Core/Src/main.c:484:6:stop	8	static
../Core/Src/main.c:495:6:SystemClock_Config	88	static
../Core/Src/main.c:542:13:MX_ADC1_Init	8	static
../Core/Src/main.c:598:13:MX_ADC2_Init	24	static
../Core/Src/main.c:645:13:MX_I2C1_Init	8	static
../Core/Src/main.c:679:13:MX_TIM1_Init	96	static
../Core/Src/main.c:753:13:MX_TIM2_Init	56	static
../Core/Src/main.c:802:13:MX_TIM3_Init	56	static
../Core/Src/main.c:851:13:MX_TIM4_Init	64	static
../Core/Src/main.c:910:13:MX_USART1_UART_Init	8	static
../Core/Src/main.c:943:13:MX_GPIO_Init	40	static
../Core/Src/main.c:988:6:filter_gyro	40	static
../Core/Src/main.c:1015:6:Error_Handler	4	static,ignoring_inline_asm
