../Core/Src/main.c:108:5:_write	24	static
../Core/Src/main.c:114:16:CurrentYaw	16	static
../Core/Src/main.c:119:6:angle	24	static
../Core/Src/main.c:178:8:distanceLeft	32	static
../Core/Src/main.c:193:8:distanceStraight	32	static
../Core/Src/main.c:208:8:distanceRight	32	static
../Core/Src/main.c:244:6:isValid	16	static
../Core/Src/main.c:247:6:init_arr	32	static
../Core/Src/main.c:254:6:check_and_fill	40	static
../Core/Src/main.c:263:6:init_flood	88	static
../Core/Src/main.c:288:6:init_maze	24	static
../Core/Src/main.c:302:6:intToStr	16	static
../Core/Src/main.c:305:11:cell_direction_adjust	40	static
../Core/Src/main.c:338:11:update_walls	88	static
../Core/Src/main.c:406:6:go_to_cell	16	static
../Core/Src/main.c:447:6:check_wall_angle	24	static
../Core/Src/main.c:470:7:get_min_neighbour	72	static
../Core/Src/main.c:496:6:flood	120	static
../Core/Src/main.c:538:7:floodfill	24128	static
../Core/Src/main.c:585:6:init_flood_start	112	static
../Core/Src/main.c:630:6:shorted_path_go	4096	static
../Core/Src/main.c:668:6:HAL_TIM_IC_CaptureCallback	16	static
../Core/Src/main.c:694:5:main	1304	static
../Core/Src/main.c:986:6:SystemClock_Config	96	static
../Core/Src/main.c:1033:13:MX_ADC1_Init	24	static
../Core/Src/main.c:1080:13:MX_ADC2_Init	24	static
../Core/Src/main.c:1127:13:MX_ADC3_Init	24	static
../Core/Src/main.c:1174:13:MX_I2C1_Init	8	static
../Core/Src/main.c:1208:13:MX_TIM1_Init	96	static
../Core/Src/main.c:1282:13:MX_TIM2_Init	56	static
../Core/Src/main.c:1331:13:MX_TIM3_Init	56	static
../Core/Src/main.c:1380:13:MX_TIM4_Init	64	static
../Core/Src/main.c:1439:13:MX_USART1_UART_Init	8	static
../Core/Src/main.c:1472:13:MX_GPIO_Init	40	static
../Core/Src/main.c:1531:6:Error_Handler	4	static,ignoring_inline_asm
