../Core/Src/main.c:106:5:_write	24	static
../Core/Src/main.c:112:6:angle	16	static
../Core/Src/main.c:150:8:distanceLeft	32	static
../Core/Src/main.c:165:8:distanceStraight	32	static
../Core/Src/main.c:180:8:distanceRight	32	static
../Core/Src/main.c:195:6:filter_gyro	40	static
../Core/Src/main.c:217:6:isValid	16	static
../Core/Src/main.c:220:6:init_arr	32	static
../Core/Src/main.c:227:6:check_and_fill	40	static
../Core/Src/main.c:236:6:init_flood	88	static
../Core/Src/main.c:261:6:init_maze	24	static
../Core/Src/main.c:275:6:intToStr	16	static
../Core/Src/main.c:278:11:cell_direction_adjust	40	static
../Core/Src/main.c:311:11:update_walls	96	static
../Core/Src/main.c:357:6:go_to_cell	16	static
../Core/Src/main.c:391:6:check_wall_angle	24	static
../Core/Src/main.c:414:7:get_min_neighbour	72	static
../Core/Src/main.c:440:6:flood	120	static
../Core/Src/main.c:482:7:floodfill	24128	static
../Core/Src/main.c:529:6:init_flood_start	112	static
../Core/Src/main.c:574:6:shorted_path_go	4096	static
../Core/Src/main.c:612:6:HAL_TIM_IC_CaptureCallback	16	static
../Core/Src/main.c:638:5:main	1128	static
../Core/Src/main.c:795:6:SystemClock_Config	96	static
../Core/Src/main.c:842:13:MX_ADC1_Init	24	static
../Core/Src/main.c:889:13:MX_ADC2_Init	24	static
../Core/Src/main.c:936:13:MX_ADC3_Init	24	static
../Core/Src/main.c:983:13:MX_I2C1_Init	8	static
../Core/Src/main.c:1017:13:MX_TIM1_Init	96	static
../Core/Src/main.c:1091:13:MX_TIM2_Init	56	static
../Core/Src/main.c:1140:13:MX_TIM3_Init	56	static
../Core/Src/main.c:1189:13:MX_TIM4_Init	64	static
../Core/Src/main.c:1248:13:MX_USART1_UART_Init	8	static
../Core/Src/main.c:1281:13:MX_GPIO_Init	40	static
../Core/Src/main.c:1340:6:Error_Handler	4	static,ignoring_inline_asm
