../Core/Src/API.c:65:6:timer_Right	16	static
../Core/Src/API.c:77:6:timer_Left	16	static
../Core/Src/API.c:90:6:forwardGPIO	8	static
../Core/Src/API.c:103:6:Update_Encoder_Value	16	static
../Core/Src/API.c:111:9:Calculate_Average_Encoder	16	static
../Core/Src/API.c:119:6:API_moveForward	72	static
../Core/Src/API.c:275:6:backwardRight	8	static
../Core/Src/API.c:285:6:backwardLeft	8	static
../Core/Src/API.c:293:6:API_turnRight	48	static
../Core/Src/API.c:346:6:API_turnLeft	48	static
../Core/Src/API.c:395:6:API_turnRight180	48	static
../Core/Src/API.c:447:6:API_turnLeft180	48	static
../Core/Src/API.c:498:6:stop	8	static
