../Core/Src/main.c:110:5:_write	24	static
../Core/Src/main.c:116:16:CurrentYaw	16	static
../Core/Src/main.c:121:6:angle	24	static
../Core/Src/main.c:180:8:distanceLeft	32	static
../Core/Src/main.c:195:8:distanceStraight	32	static
../Core/Src/main.c:210:8:distanceRight	32	static
../Core/Src/main.c:246:6:isValid	16	static
../Core/Src/main.c:249:6:init_arr	32	static
../Core/Src/main.c:256:6:check_and_fill	40	static
../Core/Src/main.c:265:6:init_flood	88	static
../Core/Src/main.c:290:6:init_maze	24	static
../Core/Src/main.c:304:6:intToStr	16	static
../Core/Src/main.c:307:11:cell_direction_adjust	40	static
../Core/Src/main.c:340:11:update_walls	88	static
../Core/Src/main.c:408:6:go_to_cell	16	static
../Core/Src/main.c:449:6:check_wall_angle	24	static
../Core/Src/main.c:472:7:get_min_neighbour	72	static
../Core/Src/main.c:498:6:flood	120	static
../Core/Src/main.c:540:7:floodfill	24128	static
../Core/Src/main.c:587:6:init_flood_start	112	static
../Core/Src/main.c:632:6:shorted_path_go	4096	static
../Core/Src/main.c:670:6:HAL_TIM_IC_CaptureCallback	16	static
../Core/Src/main.c:700:5:main	1312	static
../Core/Src/main.c:1094:6:SystemClock_Config	96	static
../Core/Src/main.c:1141:13:MX_ADC1_Init	24	static
../Core/Src/main.c:1188:13:MX_ADC2_Init	24	static
../Core/Src/main.c:1235:13:MX_ADC3_Init	24	static
../Core/Src/main.c:1282:13:MX_I2C1_Init	8	static
../Core/Src/main.c:1316:13:MX_TIM1_Init	96	static
../Core/Src/main.c:1390:13:MX_TIM2_Init	56	static
../Core/Src/main.c:1439:13:MX_TIM3_Init	56	static
../Core/Src/main.c:1488:13:MX_TIM4_Init	64	static
../Core/Src/main.c:1547:13:MX_USART1_UART_Init	8	static
../Core/Src/main.c:1580:13:MX_GPIO_Init	40	static
../Core/Src/main.c:1639:6:Error_Handler	4	static,ignoring_inline_asm
