../Core/Src/main.c:112:5:_write	24	static
../Core/Src/main.c:118:6:angle	16	static
../Core/Src/main.c:156:6:ADC_Select_CH0	24	static
../Core/Src/main.c:167:6:ADC_Select_CH1	24	static
../Core/Src/main.c:177:6:ADC_Select_CH2	24	static
../Core/Src/main.c:187:8:distanceRight	32	static
../Core/Src/main.c:203:8:distanceLeft	32	static
../Core/Src/main.c:219:8:distanceStraight	32	static
../Core/Src/main.c:238:6:isValid	16	static
../Core/Src/main.c:241:6:init_arr	32	static
../Core/Src/main.c:248:6:check_and_fill	40	static
../Core/Src/main.c:257:6:init_flood	88	static
../Core/Src/main.c:282:6:init_maze	24	static
../Core/Src/main.c:296:6:intToStr	16	static
../Core/Src/main.c:299:11:cell_direction_adjust	40	static
../Core/Src/main.c:332:11:update_walls	112	static
../Core/Src/main.c:376:6:go_to_cell	16	static
../Core/Src/main.c:410:6:check_wall_angle	24	static
../Core/Src/main.c:433:7:get_min_neighbour	72	static
../Core/Src/main.c:459:6:flood	120	static
../Core/Src/main.c:501:7:floodfill	24128	static
../Core/Src/main.c:548:6:init_flood_start	112	static
../Core/Src/main.c:593:6:shorted_path_go	4096	static
../Core/Src/main.c:631:6:HAL_TIM_IC_CaptureCallback	16	static
../Core/Src/main.c:650:5:main	1112	static
../Core/Src/main.c:728:6:SystemClock_Config	88	static
../Core/Src/main.c:775:13:MX_ADC1_Init	8	static
../Core/Src/main.c:831:13:MX_ADC2_Init	24	static
../Core/Src/main.c:878:13:MX_I2C1_Init	8	static
../Core/Src/main.c:912:13:MX_TIM1_Init	96	static
../Core/Src/main.c:986:13:MX_TIM2_Init	56	static
../Core/Src/main.c:1035:13:MX_TIM3_Init	56	static
../Core/Src/main.c:1084:13:MX_TIM4_Init	64	static
../Core/Src/main.c:1143:13:MX_USART1_UART_Init	8	static
../Core/Src/main.c:1176:13:MX_GPIO_Init	40	static
../Core/Src/main.c:1221:6:filter_gyro	40	static
../Core/Src/main.c:1248:6:Error_Handler	4	static,ignoring_inline_asm
