../Core/Src/API.c:62:6:timer_Right	16	static
../Core/Src/API.c:74:6:timer_Left	16	static
../Core/Src/API.c:87:6:forwardGPIO	8	static
../Core/Src/API.c:100:6:Update_Encoder_Value	16	static
../Core/Src/API.c:108:9:Calculate_Average_Encoder	16	static
../Core/Src/API.c:116:6:API_moveForward	56	static
../Core/Src/API.c:274:6:backwardRight	8	static
../Core/Src/API.c:284:6:backwardLeft	8	static
../Core/Src/API.c:292:6:API_turnRight	48	static
../Core/Src/API.c:345:6:API_turnLeft	48	static
../Core/Src/API.c:394:6:API_turnRight180	48	static
../Core/Src/API.c:446:6:API_turnLeft180	48	static
../Core/Src/API.c:497:6:stop	8	static
