../Core/Src/main.c:107:5:_write	24	static
../Core/Src/main.c:113:6:ADC_Select_CH0	24	static
../Core/Src/main.c:124:6:ADC_Select_CH1	24	static
../Core/Src/main.c:134:6:ADC_Select_CH2	24	static
../Core/Src/main.c:147:6:HAL_TIM_IC_CaptureCallback	16	static
../Core/Src/main.c:169:5:main	24	static
../Core/Src/main.c:380:6:forward	8	static
../Core/Src/main.c:389:6:backward	8	static
../Core/Src/main.c:398:6:turn_right	8	static
../Core/Src/main.c:407:6:turn_left	8	static
../Core/Src/main.c:416:6:turn_right90	8	static
../Core/Src/main.c:425:6:turn_left90	8	static
../Core/Src/main.c:434:6:stop	8	static
../Core/Src/main.c:445:6:SystemClock_Config	88	static
../Core/Src/main.c:492:13:MX_ADC1_Init	8	static
../Core/Src/main.c:548:13:MX_ADC2_Init	24	static
../Core/Src/main.c:595:13:MX_I2C1_Init	8	static
../Core/Src/main.c:629:13:MX_TIM1_Init	96	static
../Core/Src/main.c:703:13:MX_TIM2_Init	56	static
../Core/Src/main.c:752:13:MX_TIM3_Init	56	static
../Core/Src/main.c:801:13:MX_TIM4_Init	64	static
../Core/Src/main.c:860:13:MX_USART1_UART_Init	8	static
../Core/Src/main.c:893:13:MX_GPIO_Init	40	static
../Core/Src/main.c:938:6:filter_gyro	40	static
../Core/Src/main.c:965:6:Error_Handler	4	static,ignoring_inline_asm
